Component: ARM Compiler 5.06 update 6 (build 750) Tool: armlink [4d35ed]

==============================================================================

Section Cross References

    adc.o(i.ADCIntRegister) refers to adc.o(i._ADCIntNumberGet) for _ADCIntNumberGet
    adc.o(i.ADCIntRegister) refers to interrupt.o(i.IntRegister) for IntRegister
    adc.o(i.ADCIntRegister) refers to interrupt.o(i.IntEnable) for IntEnable
    adc.o(i.ADCIntUnregister) refers to adc.o(i._ADCIntNumberGet) for _ADCIntNumberGet
    adc.o(i.ADCIntUnregister) refers to interrupt.o(i.IntDisable) for IntDisable
    adc.o(i.ADCIntUnregister) refers to interrupt.o(i.IntUnregister) for IntUnregister
    adc.o(i.ADCSoftwareOversampleConfigure) refers to adc.o(.data) for g_pui8OversampleFactor
    adc.o(i.ADCSoftwareOversampleDataGet) refers to adc.o(.data) for g_pui8OversampleFactor
    adc.o(i.ADCSoftwareOversampleStepConfigure) refers to adc.o(.data) for g_pui8OversampleFactor
    aes.o(i.AESDataAuth) refers to aes.o(i.AESLengthSet) for AESLengthSet
    aes.o(i.AESDataAuth) refers to aes.o(i.AESDataWrite) for AESDataWrite
    aes.o(i.AESDataAuth) refers to aes.o(i.AESTagRead) for AESTagRead
    aes.o(i.AESDataProcess) refers to aes.o(i.AESLengthSet) for AESLengthSet
    aes.o(i.AESDataProcess) refers to aes.o(i.AESDataWrite) for AESDataWrite
    aes.o(i.AESDataProcess) refers to aes.o(i.AESDataRead) for AESDataRead
    aes.o(i.AESDataProcessAuth) refers to aes.o(i.AESLengthSet) for AESLengthSet
    aes.o(i.AESDataProcessAuth) refers to aes.o(i.AESAuthLengthSet) for AESAuthLengthSet
    aes.o(i.AESDataProcessAuth) refers to aes.o(i.AESDataWrite) for AESDataWrite
    aes.o(i.AESDataProcessAuth) refers to aes.o(i.AESDataRead) for AESDataRead
    aes.o(i.AESDataProcessAuth) refers to aes.o(i.AESTagRead) for AESTagRead
    aes.o(i.AESIntRegister) refers to interrupt.o(i.IntRegister) for IntRegister
    aes.o(i.AESIntRegister) refers to interrupt.o(i.IntEnable) for IntEnable
    aes.o(i.AESIntUnregister) refers to interrupt.o(i.IntDisable) for IntDisable
    aes.o(i.AESIntUnregister) refers to interrupt.o(i.IntUnregister) for IntUnregister
    can.o(i.CANBitRateSet) refers to can.o(.constdata) for g_ui16CANBitValues
    can.o(i.CANIntRegister) refers to can.o(i._CANIntNumberGet) for _CANIntNumberGet
    can.o(i.CANIntRegister) refers to interrupt.o(i.IntRegister) for IntRegister
    can.o(i.CANIntRegister) refers to interrupt.o(i.IntEnable) for IntEnable
    can.o(i.CANIntUnregister) refers to can.o(i._CANIntNumberGet) for _CANIntNumberGet
    can.o(i.CANIntUnregister) refers to interrupt.o(i.IntDisable) for IntDisable
    can.o(i.CANIntUnregister) refers to interrupt.o(i.IntUnregister) for IntUnregister
    can.o(i.CANMessageGet) refers to can.o(i._CANDataRegRead) for _CANDataRegRead
    can.o(i.CANMessageSet) refers to can.o(i._CANDataRegWrite) for _CANDataRegWrite
    comp.o(i.ComparatorIntRegister) refers to interrupt.o(i.IntRegister) for IntRegister
    comp.o(i.ComparatorIntRegister) refers to interrupt.o(i.IntEnable) for IntEnable
    comp.o(i.ComparatorIntUnregister) refers to interrupt.o(i.IntDisable) for IntDisable
    comp.o(i.ComparatorIntUnregister) refers to interrupt.o(i.IntUnregister) for IntUnregister
    crc.o(i.CRCDataProcess) refers to crc.o(i.CRCResultRead) for CRCResultRead
    des.o(i.DESDataProcess) refers to des.o(i.DESDataWriteNonBlocking) for DESDataWriteNonBlocking
    des.o(i.DESDataProcess) refers to des.o(i.DESDataReadNonBlocking) for DESDataReadNonBlocking
    des.o(i.DESIntRegister) refers to interrupt.o(i.IntRegister) for IntRegister
    des.o(i.DESIntRegister) refers to interrupt.o(i.IntEnable) for IntEnable
    des.o(i.DESIntUnregister) refers to interrupt.o(i.IntDisable) for IntDisable
    des.o(i.DESIntUnregister) refers to interrupt.o(i.IntUnregister) for IntUnregister
    eeprom.o(i.EEPROMInit) refers to sysctl.o(.emb_text) for SysCtlDelay
    eeprom.o(i.EEPROMInit) refers to eeprom.o(i._EEPROMWaitForDone) for _EEPROMWaitForDone
    eeprom.o(i.EEPROMInit) refers to sysctl.o(i.SysCtlPeripheralReset) for SysCtlPeripheralReset
    eeprom.o(i.EEPROMIntClear) refers to eeprom.o(i._EEPROMSectorMaskClear) for _EEPROMSectorMaskClear
    eeprom.o(i.EEPROMMassErase) refers to eeprom.o(i._EEPROMSectorMaskClear) for _EEPROMSectorMaskClear
    eeprom.o(i.EEPROMMassErase) refers to eeprom.o(i._EEPROMWaitForDone) for _EEPROMWaitForDone
    eeprom.o(i.EEPROMMassErase) refers to sysctl.o(i.SysCtlPeripheralReset) for SysCtlPeripheralReset
    eeprom.o(i.EEPROMMassErase) refers to sysctl.o(.emb_text) for SysCtlDelay
    eeprom.o(i.EEPROMProgram) refers to eeprom.o(i._EEPROMSectorMaskSet) for _EEPROMSectorMaskSet
    eeprom.o(i.EEPROMProgram) refers to eeprom.o(i._EEPROMSectorMaskClear) for _EEPROMSectorMaskClear
    eeprom.o(i.EEPROMProgramNonBlocking) refers to eeprom.o(i._EEPROMSectorMaskSet) for _EEPROMSectorMaskSet
    eeprom.o(i._EEPROMSectorMaskClear) refers to sysctl.o(.emb_text) for SysCtlDelay
[...]
    __ARM_use_no_argv                        0x00000000   Number         0  main.o ABSOLUTE
    __Vectors                                0x00000000   Data           0  startup_rvmdk.o(RESET)
    __cpp_initialize__aeabi_                  - Undefined Weak Reference
    __cxa_finalize                            - Undefined Weak Reference
    _clock_init                               - Undefined Weak Reference
    _microlib_exit                            - Undefined Weak Reference
    Reset_Handler                            0x0000026d   Thumb Code     0  startup_rvmdk.o(RESET)
    __main                                   0x00000289   Thumb Code     0  entry.o(.ARM.Collect$$$$00000000)
    _main_stk                                0x00000289   Thumb Code     0  entry2.o(.ARM.Collect$$$$00000001)
    _main_scatterload                        0x0000028d   Thumb Code     0  entry5.o(.ARM.Collect$$$$00000004)
    __main_after_scatterload                 0x00000291   Thumb Code     0  entry5.o(.ARM.Collect$$$$00000004)
    _main_clock                              0x00000291   Thumb Code     0  entry7b.o(.ARM.Collect$$$$00000008)
    _main_cpp_init                           0x00000291   Thumb Code     0  entry8b.o(.ARM.Collect$$$$0000000A)
    _main_init                               0x00000291   Thumb Code     0  entry9a.o(.ARM.Collect$$$$0000000B)
    __rt_final_cpp                           0x00000299   Thumb Code     0  entry10a.o(.ARM.Collect$$$$0000000D)
    __rt_final_exit                          0x00000299   Thumb Code     0  entry11a.o(.ARM.Collect$$$$0000000F)
    CPUcpsid                                 0x0000029d   Thumb Code     8  cpu.o(.emb_text)
    CPUprimask                               0x000002a5   Thumb Code     6  cpu.o(.emb_text)
    CPUcpsie                                 0x000002ab   Thumb Code     8  cpu.o(.emb_text)
    CPUwfi                                   0x000002b3   Thumb Code     4  cpu.o(.emb_text)
    CPUbasepriSet                            0x000002b7   Thumb Code     6  cpu.o(.emb_text)
    CPUbasepriGet                            0x000002bd   Thumb Code     6  cpu.o(.emb_text)
    SysCtlDelay                              0x000002c5   Thumb Code     6  sysctl.o(.emb_text)
    __aeabi_memcpy                           0x000002cb   Thumb Code    36  memcpya.o(.text)
    __aeabi_memcpy4                          0x000002cb   Thumb Code     0  memcpya.o(.text)
    __aeabi_memcpy8                          0x000002cb   Thumb Code     0  memcpya.o(.text)
    __aeabi_memset                           0x000002ef   Thumb Code    14  memseta.o(.text)
    __aeabi_memset4                          0x000002ef   Thumb Code     0  memseta.o(.text)
    __aeabi_memset8                          0x000002ef   Thumb Code     0  memseta.o(.text)
    __aeabi_memclr                           0x000002fd   Thumb Code     4  memseta.o(.text)
    __aeabi_memclr4                          0x000002fd   Thumb Code     0  memseta.o(.text)
    __aeabi_memclr8                          0x000002fd   Thumb Code     0  memseta.o(.text)
    _memset$wrapper                          0x00000301   Thumb Code    18  memseta.o(.text)
    __aeabi_dadd                             0x00000313   Thumb Code   322  dadd.o(.text)
    __aeabi_dsub                             0x00000455   Thumb Code     6  dadd.o(.text)
    __aeabi_drsub                            0x0000045b   Thumb Code     6  dadd.o(.text)
    __aeabi_dmul                             0x00000461   Thumb Code   228  dmul.o(.text)
    __aeabi_ddiv                             0x00000545   Thumb Code   222  ddiv.o(.text)
    __aeabi_f2d                              0x00000623   Thumb Code    38  f2d.o(.text)
    __aeabi_cdrcmple                         0x00000649   Thumb Code    48  cdrcmple.o(.text)
    __aeabi_d2f                              0x00000679   Thumb Code    56  d2f.o(.text)
    __aeabi_llsl                             0x000006b1   Thumb Code    30  llshl.o(.text)
    _ll_shift_l                              0x000006b1   Thumb Code     0  llshl.o(.text)
    __aeabi_llsr                             0x000006cf   Thumb Code    32  llushr.o(.text)
    _ll_ushift_r                             0x000006cf   Thumb Code     0  llushr.o(.text)
    __aeabi_lasr                             0x000006ef   Thumb Code    36  llsshr.o(.text)
    _ll_sshift_r                             0x000006ef   Thumb Code     0  llsshr.o(.text)
    __I$use$fp                               0x00000713   Thumb Code     0  iusefp.o(.text)
    _float_round                             0x00000713   Thumb Code    18  fepilogue.o(.text)
    _float_epilogue                          0x00000725   Thumb Code    92  fepilogue.o(.text)
    _double_round                            0x00000781   Thumb Code    30  depilogue.o(.text)
    _double_epilogue                         0x0000079f   Thumb Code   156  depilogue.o(.text)
    __fp_status                              0x0000083b   Thumb Code     4  fpstat.o(.text)
    __ieee_status                            0x0000083b   Thumb Code     0  fpstat.o(.text)
    __scatterload                            0x00000841   Thumb Code    28  init.o(.text)
    __scatterload_rt2                        0x00000841   Thumb Code     0  init.o(.text)
    __decompress                             0x00000865   Thumb Code     0  __dczerorl2.o(.text)
    __decompress1                            0x00000865   Thumb Code    86  __dczerorl2.o(.text)
    ADCIntClear                              0x000008bb   Thumb Code     8  adc.o(i.ADCIntClear)
    ADCIntEnable                             0x000008c3   Thumb Code    18  adc.o(i.ADCIntEnable)
    ADCIntEnableEx                           0x000008d5   Thumb Code     8  adc.o(i.ADCIntEnableEx)
    ADCIntRegister                           0x000008dd   Thumb Code    38  adc.o(i.ADCIntRegister)
    ADCProcessorTrigger                      0x00000903   Thumb Code    24  adc.o(i.ADCProcessorTrigger)
    ADCSequenceConfigure                     0x0000091b   Thumb Code    44  adc.o(i.ADCSequenceConfigure)
    ADCSequenceDataGet                       0x00000947   Thumb Code    34  adc.o(i.ADCSequenceDataGet)
    ADCSequenceEnable                        0x00000969   Thumb Code    12  adc.o(i.ADCSequenceEnable)
    ADCSequenceStepConfigure                 0x00000975   Thumb Code   118  adc.o(i.ADCSequenceStepConfigure)
    ADC_Init                                 0x000009ed   Thumb Code   124  nadc.o(i.ADC_Init)
    Button_Init                              0x00000a7d   Thumb Code   314  nbutton.o(i.Button_Init)
    Buzzer_Init                              0x00000bd1   Thumb Code   106  buzzer.o(i.Buzzer_Init)
    Byte2Float                               0x00000c4d   Thumb Code    38  raspi_undercontrol.o(i.Byte2Float)
    Car_Status_Tick                          0x00000c79   Thumb Code    26  raspi_undercontrol.o(i.Car_Status_Tick)
    Delay_Ms                                 0x00000c9d   Thumb Code    12  system.o(i.Delay_Ms)
    Draw_Logo                                0x00000ca9   Thumb Code    66  oled.o(i.Draw_Logo)
    EEPROMInit                               0x00000cf1   Thumb Code    60  eeprom.o(i.EEPROMInit)
    EEPROMProgram                            0x00000d35   Thumb Code   184  eeprom.o(i.EEPROMProgram)
    EEPROMRead                               0x00000dfd   Thumb Code    52  eeprom.o(i.EEPROMRead)
    EEPROM_Init                              0x00000e35   Thumb Code    14  neeprom.o(i.EEPROM_Init)
    Encoder_Init                             0x00000e49   Thumb Code   292  nencoder.o(i.Encoder_Init)
    FPUEnable                                0x00000f99   Thumb Code    14  fpu.o(i.FPUEnable)
    FPULazyStackingEnable                    0x00000fad   Thumb Code    14  fpu.o(i.FPULazyStackingEnable)
    FastCos                                  0x00000fc1   Thumb Code   132  wp_math.o(i.FastCos)
    FastSin                                  0x00001051   Thumb Code   128  wp_math.o(i.FastSin)
    FastSinCos                               0x000010dd   Thumb Code   394  wp_math.o(i.FastSinCos)
    FaultISR                                 0x00001279   Thumb Code     2  ntimer.o(i.FaultISR)
    FusionAhrsGetEarthAcceleration           0x0000127b   Thumb Code   320  fusionahrs.o(i.FusionAhrsGetEarthAcceleration)
    FusionAhrsGetQuaternion                  0x000013bb   Thumb Code    18  fusionahrs.o(i.FusionAhrsGetQuaternion)
    FusionAhrsInitialise                     0x000013cd   Thumb Code    28  fusionahrs.o(i.FusionAhrsInitialise)
    FusionAhrsReset                          0x000013ed   Thumb Code   126  fusionahrs.o(i.FusionAhrsReset)
    FusionAhrsSetHeading                     0x00001471   Thumb Code   208  fusionahrs.o(i.FusionAhrsSetHeading)
    FusionAhrsSetSettings                    0x00001541   Thumb Code   210  fusionahrs.o(i.FusionAhrsSetSettings)
    FusionAhrsUpdate                         0x00001619   Thumb Code  1474  fusionahrs.o(i.FusionAhrsUpdate)
    FusionAhrsUpdateNoMagnetometer           0x00001bdd   Thumb Code   106  fusionahrs.o(i.FusionAhrsUpdateNoMagnetometer)
    FusionCompassCalculateHeading            0x00001c4d   Thumb Code   190  fusioncompass.o(i.FusionCompassCalculateHeading)
    FusionOffsetInitialise                   0x00001d6d   Thumb Code    58  fusionoffset.o(i.FusionOffsetInitialise)
    FusionOffsetUpdate                       0x00001dad   Thumb Code   494  fusionoffset.o(i.FusionOffsetUpdate)
    GPIODirModeSet                           0x00002539   Thumb Code    50  gpio.o(i.GPIODirModeSet)
    GPIOIntClear                             0x0000256b   Thumb Code     6  gpio.o(i.GPIOIntClear)
    GPIOIntDisable                           0x00002571   Thumb Code    12  gpio.o(i.GPIOIntDisable)
    GPIOIntRegister                          0x0000257d   Thumb Code    30  gpio.o(i.GPIOIntRegister)
    GPIOIntTypeSet                           0x0000259b   Thumb Code   102  gpio.o(i.GPIOIntTypeSet)
    GPIOPadConfigSet                         0x00002601   Thumb Code   342  gpio.o(i.GPIOPadConfigSet)
    GPIOPinConfigure                         0x00002759   Thumb Code    70  gpio.o(i.GPIOPinConfigure)
    GPIOPinRead                              0x000027a9   Thumb Code    12  gpio.o(i.GPIOPinRead)
    GPIOPinTypeADC                           0x000027b5   Thumb Code    30  gpio.o(i.GPIOPinTypeADC)
    GPIOPinTypeGPIOInput                     0x000027d3   Thumb Code    30  gpio.o(i.GPIOPinTypeGPIOInput)
    GPIOPinTypeGPIOOutput                    0x000027f1   Thumb Code    30  gpio.o(i.GPIOPinTypeGPIOOutput)
    GPIOPinTypeI2C                           0x0000280f   Thumb Code    30  gpio.o(i.GPIOPinTypeI2C)
    GPIOPinTypeI2CSCL                        0x0000282d   Thumb Code    30  gpio.o(i.GPIOPinTypeI2CSCL)
    GPIOPinTypePWM                           0x0000284b   Thumb Code    30  gpio.o(i.GPIOPinTypePWM)
    GPIOPinTypeQEI                           0x00002869   Thumb Code    30  gpio.o(i.GPIOPinTypeQEI)
    GPIOPinTypeUART                          0x00002887   Thumb Code    30  gpio.o(i.GPIOPinTypeUART)
    GPIOPinWrite                             0x000028a5   Thumb Code    10  gpio.o(i.GPIOPinWrite)
    I2C1_Init                                0x000028b1   Thumb Code    80  ni2c.o(i.I2C1_Init)
    I2CMasterBusy                            0x00002911   Thumb Code    18  i2c.o(i.I2CMasterBusy)
    I2CMasterControl                         0x00002923   Thumb Code     4  i2c.o(i.I2CMasterControl)
    I2CMasterDataGet                         0x00002927   Thumb Code     6  i2c.o(i.I2CMasterDataGet)
    I2CMasterDataPut                         0x0000292d   Thumb Code     4  i2c.o(i.I2CMasterDataPut)
    I2CMasterEnable                          0x00002931   Thumb Code    10  i2c.o(i.I2CMasterEnable)
    I2CMasterInitExpClk                      0x0000293d   Thumb Code    78  i2c.o(i.I2CMasterInitExpClk)
    I2CMasterSlaveAddrSet                    0x00002999   Thumb Code     8  i2c.o(i.I2CMasterSlaveAddrSet)
    ICM206xx_Init                            0x000029a1   Thumb Code   438  icm20608.o(i.ICM206xx_Init)
    ICM206xx_Read_Data                       0x00002b61   Thumb Code  1110  icm20608.o(i.ICM206xx_Read_Data)
    IntEnable                                0x00002fb9   Thumb Code   108  interrupt.o(i.IntEnable)
    IntMasterDisable                         0x0000302d   Thumb Code    16  interrupt.o(i.IntMasterDisable)
    IntMasterEnable                          0x0000303d   Thumb Code    16  interrupt.o(i.IntMasterEnable)
    IntPriorityGroupingSet                   0x0000304d   Thumb Code    16  interrupt.o(i.IntPriorityGroupingSet)
    IntPrioritySet                           0x00003069   Thumb Code    46  interrupt.o(i.IntPrioritySet)
    IntRegister                              0x0000309d   Thumb Code    52  interrupt.o(i.IntRegister)
    LCD_CLS                                  0x000030d9   Thumb Code    56  oled.o(i.LCD_CLS)
    LCD_P6x8Char                             0x00003111   Thumb Code    68  oled.o(i.LCD_P6x8Char)
    LCD_P6x8Str                              0x00003159   Thumb Code    96  oled.o(i.LCD_P6x8Str)
    LCD_Set_Pos                              0x000031bd   Thumb Code    40  oled.o(i.LCD_Set_Pos)
    LCD_WrCmd                                0x000031e5   Thumb Code   104  oled.o(i.LCD_WrCmd)
    LCD_WrDat                                0x0000324d   Thumb Code    92  oled.o(i.LCD_WrDat)
    LCD_clear_L                              0x000032a9   Thumb Code    54  oled.o(i.LCD_clear_L)
    LPButterworth                            0x000032df   Thumb Code   328  filter.o(i.LPButterworth)
    NTimer_Init                              0x00003427   Thumb Code    24  ntimer.o(i.NTimer_Init)
    OLED_Init                                0x00003441   Thumb Code   100  oled.o(i.OLED_Init)
    Openmv_Data_Receive_Anl_1                0x000034a9   Thumb Code   184  vision.o(i.Openmv_Data_Receive_Anl_1)
    PWM0_Init                                0x00003569   Thumb Code   170  npwm.o(i.PWM0_Init)
    PWM1_Init                                0x00003639   Thumb Code   208  npwm.o(i.PWM1_Init)
    PWMGenConfigure                          0x00003735   Thumb Code    42  pwm.o(i.PWMGenConfigure)
    PWMGenEnable                             0x00003765   Thumb Code    10  pwm.o(i.PWMGenEnable)
    PWMGenPeriodSet                          0x0000376f   Thumb Code    22  pwm.o(i.PWMGenPeriodSet)
    PWMOutputState                           0x00003785   Thumb Code    20  pwm.o(i.PWMOutputState)
    PWMPulseWidthSet                         0x00003799   Thumb Code    38  pwm.o(i.PWMPulseWidthSet)
    QEI0_IRQHandler                          0x000037c1   Thumb Code   152  nencoder.o(i.QEI0_IRQHandler)
    QEI1_IRQHandler                          0x00003869   Thumb Code   152  nencoder.o(i.QEI1_IRQHandler)
    QEIConfigure                             0x00003911   Thumb Code    14  qei.o(i.QEIConfigure)
    QEIDirectionGet                          0x0000391f   Thumb Code    20  qei.o(i.QEIDirectionGet)
    QEIEnable                                0x00003933   Thumb Code    10  qei.o(i.QEIEnable)
    QEIIntClear                              0x0000393d   Thumb Code     4  qei.o(i.QEIIntClear)
    QEIIntEnable                             0x00003941   Thumb Code     8  qei.o(i.QEIIntEnable)
    QEIIntRegister                           0x00003949   Thumb Code    30  qei.o(i.QEIIntRegister)
    QEIVelocityConfigure                     0x00003967   Thumb Code    16  qei.o(i.QEIVelocityConfigure)
    QEIVelocityEnable                        0x00003977   Thumb Code    10  qei.o(i.QEIVelocityEnable)
    QEIVelocityGet                           0x00003981   Thumb Code     6  qei.o(i.QEIVelocityGet)
    Raspi_Ctrl_Instruction_Dispatch          0x00003989   Thumb Code   262  raspi_undercontrol.o(i.Raspi_Ctrl_Instruction_Dispatch)
    Raspi_Ctrl_Procedure_Init                0x00003aa5   Thumb Code    24  raspi_undercontrol.o(i.Raspi_Ctrl_Procedure_Init)
    Raspi_Ctrl_Send_State                    0x00003ac1   Thumb Code   166  raspi_undercontrol.o(i.Raspi_Ctrl_Send_State)
    Raspi_Data_Phrase_Prepare_Lite           0x00003b79   Thumb Code   324  raspi_undercontrol.o(i.Raspi_Data_Phrase_Prepare_Lite)
    Raspi_Data_Phrase_Process_Lite           0x00003cd9   Thumb Code   436  raspi_undercontrol.o(i.Raspi_Data_Phrase_Process_Lite)
    ReadFlashParameterALL                    0x00003e9d   Thumb Code    18  neeprom.o(i.ReadFlashParameterALL)
    ReadFlashParameterOne                    0x00003eaf   Thumb Code    18  neeprom.o(i.ReadFlashParameterOne)
    ReadFlashParameterThree                  0x00003ec1   Thumb Code    52  neeprom.o(i.ReadFlashParameterThree)
    Read_Button_State_One                    0x00003ef5   Thumb Code   264  nbutton.o(i.Read_Button_State_One)
    SDK_Data_Receive_Prepare_1               0x00004001   Thumb Code   260  vision.o(i.SDK_Data_Receive_Prepare_1)
    Serial_Data_Send                         0x00004119   Thumb Code    18  raspi_undercontrol.o(i.Serial_Data_Send)
    Single_ReadI2C                           0x0000412b   Thumb Code    16  ni2c.o(i.Single_ReadI2C)
    SysCtlClockGet                           0x0000414d   Thumb Code   244  sysctl.o(i.SysCtlClockGet)
    SysCtlClockSet                           0x00004255   Thumb Code   300  sysctl.o(i.SysCtlClockSet)
    SysCtlPWMClockSet                        0x00004391   Thumb Code    16  sysctl.o(i.SysCtlPWMClockSet)
    SysCtlPeripheralEnable                   0x000043a5   Thumb Code    46  sysctl.o(i.SysCtlPeripheralEnable)
    SysCtlPeripheralReady                    0x000043d9   Thumb Code    52  sysctl.o(i.SysCtlPeripheralReady)
    SysCtlPeripheralReset                    0x00004411   Thumb Code   106  sysctl.o(i.SysCtlPeripheralReset)
    SysTickEnable                            0x00004481   Thumb Code    18  systick.o(i.SysTickEnable)
    SysTickIntEnable                         0x00004493   Thumb Code    18  systick.o(i.SysTickIntEnable)
    SysTickIntRegister                       0x000044a5   Thumb Code    30  systick.o(i.SysTickIntRegister)
    SysTickPeriodGet                         0x000044c3   Thumb Code    10  systick.o(i.SysTickPeriodGet)
    SysTickPeriodSet                         0x000044cd   Thumb Code    10  systick.o(i.SysTickPeriodSet)
    SysTickValueGet                          0x000044d7   Thumb Code     8  systick.o(i.SysTickValueGet)
    System_Init                              0x000044e1   Thumb Code    32  system.o(i.System_Init)
    Systick_Init                             0x00004505   Thumb Code    52  system.o(i.Systick_Init)
    TIMER0A_Handler                          0x00004545   Thumb Code    22  ntimer.o(i.TIMER0A_Handler)
    TIMER1A_Handler                          0x00004565   Thumb Code    22  ntimer.o(i.TIMER1A_Handler)
    TIMER2A_Handler                          0x00004585   Thumb Code    22  ntimer.o(i.TIMER2A_Handler)
    Tidata_Tosend_OpenMV                     0x000045a5   Thumb Code    68  vision.o(i.Tidata_Tosend_OpenMV)
    Tidata_Tosend_Raspi                      0x000045ed   Thumb Code   130  raspi_undercontrol.o(i.Tidata_Tosend_Raspi)
    Time0A_Init                              0x0000467d   Thumb Code    78  ntimer.o(i.Time0A_Init)
    Time1A_Init                              0x000046d9   Thumb Code    80  ntimer.o(i.Time1A_Init)
    Time2A_Init                              0x00004735   Thumb Code    78  ntimer.o(i.Time2A_Init)
    TimerConfigure                           0x00004791   Thumb Code    84  timer.o(i.TimerConfigure)
    TimerEnable                              0x000047f1   Thumb Code    14  timer.o(i.TimerEnable)
    TimerIntClear                            0x000047ff   Thumb Code     4  timer.o(i.TimerIntClear)
    TimerIntEnable                           0x00004803   Thumb Code     8  timer.o(i.TimerIntEnable)
    TimerIntRegister                         0x0000480b   Thumb Code    38  timer.o(i.TimerIntRegister)
    TimerLoadSet                             0x00004831   Thumb Code    16  timer.o(i.TimerLoadSet)
    UART3_IRQHandler                         0x00004841   Thumb Code    50  tm4c12x_it.o(i.UART3_IRQHandler)
    UART3_Init                               0x00004879   Thumb Code    86  nuart.o(i.UART3_Init)
    UART5_IRQHandler                         0x000048ed   Thumb Code    74  tm4c12x_it.o(i.UART5_IRQHandler)
    UART5_Init                               0x00004945   Thumb Code    86  nuart.o(i.UART5_Init)
    UART7_IRQHandler                         0x000049b9   Thumb Code    50  tm4c12x_it.o(i.UART7_IRQHandler)
    UART7_Init                               0x000049f1   Thumb Code    86  nuart.o(i.UART7_Init)
    UARTCharGet                              0x00004a65   Thumb Code    18  uart.o(i.UARTCharGet)
    UARTCharPut                              0x00004a77   Thumb Code    16  uart.o(i.UARTCharPut)
    UARTCharsAvail                           0x00004a87   Thumb Code    12  uart.o(i.UARTCharsAvail)
    UARTConfigSetExpClk                      0x00004a93   Thumb Code    76  uart.o(i.UARTConfigSetExpClk)
    UARTDisable                              0x00004adf   Thumb Code    32  uart.o(i.UARTDisable)
    UARTEnable                               0x00004aff   Thumb Code    20  uart.o(i.UARTEnable)
    UARTFIFODisable                          0x00004b13   Thumb Code    10  uart.o(i.UARTFIFODisable)
    UARTIntClear                             0x00004b1d   Thumb Code     4  uart.o(i.UARTIntClear)
    UARTIntEnable                            0x00004b21   Thumb Code     8  uart.o(i.UARTIntEnable)
    UARTIntRegister                          0x00004b29   Thumb Code    30  uart.o(i.UARTIntRegister)
    UARTIntStatus                            0x00004b47   Thumb Code    12  uart.o(i.UARTIntStatus)
    UART_SendBytes                           0x00004b55   Thumb Code    90  nuart.o(i.UART_SendBytes)
    WriteFlashParameter                      0x00004bd1   Thumb Code    46  neeprom.o(i.WriteFlashParameter)
    WriteFlashParameter_Three                0x00004bff   Thumb Code    74  neeprom.o(i.WriteFlashParameter_Three)
    __ARM_fpclassify                         0x00004e79   Thumb Code    48  fpclassify.o(i.__ARM_fpclassify)
    __ARM_fpclassifyf                        0x00004ea9   Thumb Code    38  fpclassifyf.o(i.__ARM_fpclassifyf)
    __hardfp_asinf                           0x00004f09   Thumb Code   258  asinf.o(i.__hardfp_asinf)
    __hardfp_atan                            0x00005039   Thumb Code   622  atan.o(i.__hardfp_atan)
    __hardfp_atan2f                          0x00005311   Thumb Code   502  atan2f.o(i.__hardfp_atan2f)
    __hardfp_cosf                            0x00005561   Thumb Code   280  cosf.o(i.__hardfp_cosf)
    __hardfp_fabs                            0x000056b1   Thumb Code    20  fabs.o(i.__hardfp_fabs)
    __hardfp_powf                            0x000056c5   Thumb Code  1606  powf.o(i.__hardfp_powf)
    __mathlib_powf                           0x000056c5   Thumb Code     0  powf.o(i.__hardfp_powf)
    __hardfp_sinf                            0x00005d29   Thumb Code   344  sinf.o(i.__hardfp_sinf)
    __hardfp_sqrtf                           0x00005eb9   Thumb Code    58  sqrtf.o(i.__hardfp_sqrtf)
    __hardfp_tanf                            0x00005ef5   Thumb Code   322  tanf.o(i.__hardfp_tanf)
    __kernel_poly                            0x00006071   Thumb Code   248  poly.o(i.__kernel_poly)
    __mathlib_dbl_infnan                     0x00006169   Thumb Code    20  dunder.o(i.__mathlib_dbl_infnan)
    __mathlib_dbl_underflow                  0x00006181   Thumb Code    24  dunder.o(i.__mathlib_dbl_underflow)
    __mathlib_flt_divzero                    0x000061a1   Thumb Code    14  funder.o(i.__mathlib_flt_divzero)
    __mathlib_flt_infnan                     0x000061b5   Thumb Code     6  funder.o(i.__mathlib_flt_infnan)
    __mathlib_flt_infnan2                    0x000061bb   Thumb Code     6  funder.o(i.__mathlib_flt_infnan2)
    __mathlib_flt_invalid                    0x000061c1   Thumb Code    10  funder.o(i.__mathlib_flt_invalid)
    __mathlib_flt_overflow                   0x000061d1   Thumb Code    10  funder.o(i.__mathlib_flt_overflow)
    __mathlib_flt_underflow                  0x000061e1   Thumb Code    10  funder.o(i.__mathlib_flt_underflow)
    __mathlib_rredf2                         0x000061f1   Thumb Code   316  rredf.o(i.__mathlib_rredf2)
    __scatterload_copy                       0x00006345   Thumb Code    14  handlers.o(i.__scatterload_copy)
    __scatterload_null                       0x00006353   Thumb Code     2  handlers.o(i.__scatterload_null)
    __scatterload_zeroinit                   0x00006355   Thumb Code    14  handlers.o(i.__scatterload_zeroinit)
    __set_errno                              0x00006365   Thumb Code     6  errno.o(i.__set_errno)
    adc_sample_trigger                       0x00006371   Thumb Code    40  nadc.o(i.adc_sample_trigger)
    battery_voltage_detection                0x000063a1   Thumb Code   132  nadc.o(i.battery_voltage_detection)
    bling_process                            0x00006431   Thumb Code   126  rgb.o(i.bling_process)
    bling_set                                0x000064af   Thumb Code    24  rgb.o(i.bling_set)
    bling_working                            0x000064c9   Thumb Code    62  rgb.o(i.bling_working)
    calculate_quaternion_init                0x00006519   Thumb Code   534  sensor.o(i.calculate_quaternion_init)
    clockwise_rotate_90_task                 0x00006751   Thumb Code   294  subtask.o(i.clockwise_rotate_90_task)
    constrain_float                          0x000068a9   Thumb Code    84  wp_math.o(i.constrain_float)
    contrarotate_90_task                     0x000068fd   Thumb Code   294  subtask.o(i.contrarotate_90_task)
    ctrl_params_init                         0x00006a55   Thumb Code   268  sdk.o(i.ctrl_params_init)
    delay                                    0x00006b91   Thumb Code    18  system.o(i.delay)
    delayMicroseconds                        0x00006ba3   Thumb Code    24  system.o(i.delayMicroseconds)
    delay_ms                                 0x00006bbb   Thumb Code    12  system.o(i.delay_ms)
    delay_us                                 0x00006bc7   Thumb Code    12  system.o(i.delay_us)
    deliver_medicine_task                    0x00006bd5   Thumb Code  2004  subtask.o(i.deliver_medicine_task)
    display_6_8_number                       0x000073dd   Thumb Code    32  oled.o(i.display_6_8_number)
    display_6_8_number_pro                   0x000073fd   Thumb Code    86  oled.o(i.display_6_8_number_pro)
    display_6_8_string                       0x00007453   Thumb Code    20  oled.o(i.display_6_8_string)
    distance_control                         0x00007469   Thumb Code   100  sdk.o(i.distance_control)
    distance_control_task                    0x000074dd   Thumb Code   298  subtask.o(i.distance_control_task)
    draw_oled                                0x00007635   Thumb Code    50  ssd1306.o(i.draw_oled)
    duty_1000hz                              0x0000766d   Thumb Code     8  main.o(i.duty_1000hz)
    duty_100hz                               0x00007675   Thumb Code     2  main.o(i.duty_100hz)
    duty_200hz                               0x00007679   Thumb Code    64  main.o(i.duty_200hz)
    euler_to_quaternion                      0x000076c1   Thumb Code   396  sensor.o(i.euler_to_quaternion)
    fabs                                     0x00007851   Thumb Code    24  fabs.o(i.fabs)
    get_battery_voltage                      0x00007869   Thumb Code    68  nadc.o(i.get_battery_voltage)
    get_left_motor_speed                     0x000078c9   Thumb Code   106  nencoder.o(i.get_left_motor_speed)
    get_right_motor_speed                    0x00007949   Thumb Code   106  nencoder.o(i.get_right_motor_speed)
    get_systime                              0x000079c9   Thumb Code    76  system.o(i.get_systime)
    get_wheel_speed                          0x00007a19   Thumb Code   214  sensor.o(i.get_wheel_speed)
    hcsr04_init                              0x00007b01   Thumb Code    78  ultrasonic.o(i.hcsr04_init)
    i2c1Read                                 0x00007b5d   Thumb Code    84  ni2c.o(i.i2c1Read)
    i2c1ReadData                             0x00007bb5   Thumb Code   166  ni2c.o(i.i2c1ReadData)
    i2c1Write                                0x00007c61   Thumb Code    20  ni2c.o(i.i2c1Write)
    i2c1WriteData                            0x00007c75   Thumb Code   124  ni2c.o(i.i2c1WriteData)
    imu_calibration                          0x00007cf5   Thumb Code   830  icm20608.o(i.imu_calibration)
    imu_calibration_params_init              0x00008055   Thumb Code   302  icm20608.o(i.imu_calibration_params_init)
    imu_data_sampling                        0x0000818d   Thumb Code   562  sensor.o(i.imu_data_sampling)
    imu_temperature_ctrl                     0x000083ed   Thumb Code   256  sensor.o(i.imu_temperature_ctrl)
    invSqrt                                  0x00008539   Thumb Code    56  wp_math.o(i.invSqrt)
    kalman_filter                            0x00008575   Thumb Code   158  sensor.o(i.kalman_filter)
    key_Scan                                 0x00008631   Thumb Code   140  ui.o(i.key_Scan)
    laser_light_work                         0x000086c9   Thumb Code   132  buzzer.o(i.laser_light_work)
    main                                     0x0000874d   Thumb Code   112  main.o(i.main)
    micros                                   0x000087c9   Thumb Code    50  system.o(i.micros)
    millis                                   0x00008809   Thumb Code    16  system.o(i.millis)
    nADC0_Handler                            0x00008819   Thumb Code    22  nadc.o(i.nADC0_Handler)
    nHCSR04_Handler                          0x00008839   Thumb Code    88  ultrasonic.o(i.nHCSR04_Handler)
    nmotor_output                            0x00008899   Thumb Code   632  motor_control.o(i.nmotor_output)
    pid_control_init                         0x00008b39   Thumb Code    46  pid.o(i.pid_control_init)
    pid_control_run                          0x00008b67   Thumb Code   424  pid.o(i.pid_control_run)
    quaternion_to_cb2n                       0x00008d0f   Thumb Code   258  sensor.o(i.quaternion_to_cb2n)
    rangefinder_init                         0x00008e11   Thumb Code   116  ultrasonic.o(i.rangefinder_init)
    read_button_state_all                    0x00008e8d   Thumb Code    26  nbutton.o(i.read_button_state_all)
    rgb_init                                 0x00008ead   Thumb Code    48  rgb.o(i.rgb_init)
    safe_sqrt                                0x00008ee5   Thumb Code    48  wp_math.o(i.safe_sqrt)
    screen_display                           0x00008f19   Thumb Code  8856  ui.o(i.screen_display)
    sdk_duty_run                             0x0000b1cd   Thumb Code   358  develop_mode.o(i.sdk_duty_run)
    set_cutoff_frequency                     0x0000b365   Thumb Code   204  filter.o(i.set_cutoff_frequency)
    simulation_pwm_init                      0x0000b439   Thumb Code    82  sensor.o(i.simulation_pwm_init)
    simulation_pwm_output                    0x0000b49d   Thumb Code    92  sensor.o(i.simulation_pwm_output)
    speed_control_100hz                      0x0000b509   Thumb Code   744  motor_control.o(i.speed_control_100hz)
    speed_control_task                       0x0000b83d   Thumb Code   216  subtask.o(i.speed_control_task)
    sqrtf                                    0x0000b935   Thumb Code    62  sqrtf.o(i.sqrtf)
    ssd1306_begin                            0x0000b975   Thumb Code   294  ssd1306.o(i.ssd1306_begin)
    ssd1306_clear_display                    0x0000bad1   Thumb Code    14  ssd1306.o(i.ssd1306_clear_display)
    ssd1306_command                          0x0000bae5   Thumb Code    12  ssd1306.o(i.ssd1306_command)
    ssd1306_display                          0x0000baf1   Thumb Code    44  ssd1306.o(i.ssd1306_display)
    ssd1306_draw_line                        0x0000bb1d   Thumb Code   206  ssd1306.o(i.ssd1306_draw_line)
    ssd1306_draw_pixel                       0x0000bbed   Thumb Code   268  ssd1306.o(i.ssd1306_draw_pixel)
    ssd1306_height                           0x0000bd09   Thumb Code     8  ssd1306.o(i.ssd1306_height)
    ssd1306_width                            0x0000bd15   Thumb Code     8  ssd1306.o(i.ssd1306_width)
    steer_angle_ctrl                         0x0000bd21   Thumb Code   194  sdk.o(i.steer_angle_ctrl)
    steer_control                            0x0000be15   Thumb Code   910  sdk.o(i.steer_control)
    steer_gyro_ctrl                          0x0000c1c9   Thumb Code    44  sdk.o(i.steer_gyro_ctrl)
    subtask_reset                            0x0000c205   Thumb Code    40  subtask.o(i.subtask_reset)
    subtask_thread_reset                     0x0000c23d   Thumb Code    22  subtask.o(i.subtask_thread_reset)
    temperature_state_check                  0x0000c261   Thumb Code   130  sensor.o(i.temperature_state_check)
    temperature_state_get                    0x0000c2f1   Thumb Code    54  sensor.o(i.temperature_state_get)
    trackless_ahrs_update                    0x0000c32d   Thumb Code   960  sensor.o(i.trackless_ahrs_update)
    trackless_params_init                    0x0000c715   Thumb Code  1166  sdk.o(i.trackless_params_init)
    vector3f_sub                             0x0000cba9   Thumb Code    58  sensor.o(i.vector3f_sub)
    vision_turn_control_50hz                 0x0000cbe5   Thumb Code   256  gray_detection.o(i.vision_turn_control_50hz)
    write_6_8_number                         0x0000cd0d   Thumb Code   696  oled.o(i.write_6_8_number)
    write_6_8_number_f1                      0x0000cfe1   Thumb Code   632  oled.o(i.write_6_8_number_f1)
    sinTable                                 0x0000d8b4   Data        2052  wp_math.o(.constdata)
    F6x8                                     0x0000e0b8   Data         552  oled.o(.constdata)
    F8X16                                    0x0000e2e0   Data        1520  oled.o(.constdata)
    NC_Logo                                  0x0000e8d0   Data        1024  oled.o(.constdata)
    asc2_1608                                0x0000ecd0   Data        1520  oled.o(.constdata)
    Region$$Table$$Base                      0x0000f4b8   Number         0  anon$$obj.o(Region$$Table)
    Region$$Table$$Limit                     0x0000f4d8   Number         0  anon$$obj.o(Region$$Table)
    temp_kp                                  0x20000000   Data           4  sensor.o(.data)
    temp_ki                                  0x20000004   Data           4  sensor.o(.data)
    temp_kd                                  0x20000008   Data           4  sensor.o(.data)
    temp_error                               0x2000000c   Data           4  sensor.o(.data)
    temp_expect                              0x20000010   Data           4  sensor.o(.data)
    temp_feedback                            0x20000014   Data           4  sensor.o(.data)
    temp_last_error                          0x20000018   Data           4  sensor.o(.data)
    temp_integral                            0x2000001c   Data           4  sensor.o(.data)
    temp_output                              0x20000020   Data           4  sensor.o(.data)
    ts                                       0x20000024   Data           1  sensor.o(.data)
    left_pwm                                 0x20000048   Data           4  motor_control.o(.data)
    right_pwm                                0x2000004c   Data           4  motor_control.o(.data)
    trackless_motor                          0x20000050   Data          12  motor_control.o(.data)
    speed_ctrl_mode                          0x2000005c   Data           1  motor_control.o(.data)
    speed_pid_mode                           0x2000005d   Data           1  motor_control.o(.data)
    motion_ctrl_pwm                          0x20000060   Data           4  motor_control.o(.data)
    turn_ctrl_pwm                            0x20000064   Data           4  motor_control.o(.data)
    motion_test_pwm_default                  0x20000068   Data           2  motor_control.o(.data)
    speed_setup                              0x2000006c   Data           4  motor_control.o(.data)
    speed_kp                                 0x20000070   Data           4  motor_control.o(.data)
    speed_ki                                 0x20000074   Data           4  motor_control.o(.data)
    speed_kd                                 0x20000078   Data           4  motor_control.o(.data)
    speed_error                              0x2000007c   Data           8  motor_control.o(.data)
    speed_expect                             0x20000084   Data           8  motor_control.o(.data)
    speed_feedback                           0x2000008c   Data           8  motor_control.o(.data)
    speed_integral                           0x20000094   Data           8  motor_control.o(.data)
    speed_output                             0x2000009c   Data           8  motor_control.o(.data)
    speed_smooth_output_cnt                  0x200000a4   Data           2  motor_control.o(.data)
    speed_smooth_output                      0x200000a8   Data           4  motor_control.o(.data)
    speed_output_delta                       0x200000ac   Data           8  motor_control.o(.data)
    speed_output_last                        0x200000b4   Data           8  motor_control.o(.data)
    speed_error_last                         0x200000bc   Data           8  motor_control.o(.data)
    steer_angle_expect                       0x200000c8   Data           4  sdk.o(.data)
    steer_angle_error                        0x200000cc   Data           4  sdk.o(.data)
    steer_angle_output                       0x200000d0   Data           4  sdk.o(.data)
    steer_gyro_expect                        0x200000d4   Data           4  sdk.o(.data)
    steer_gyro_output                        0x200000d8   Data           4  sdk.o(.data)
    steer_gyro_scale                         0x200000dc   Data           4  sdk.o(.data)
    sdk_work_mode                            0x200000e0   Data           2  develop_mode.o(.data)
    __deliver_medicine_task_param            0x200000e4   Data          12  subtask.o(.data)
    page_number                              0x200000f6   Data           2  ui.o(.data)
    gray_state                               0x20000100   Data           2  gray_detection.o(.data)
    gray_status                              0x20000104   Data           8  gray_detection.o(.data)
    rho_status                               0x2000010c   Data           8  gray_detection.o(.data)
    turn_output                              0x20000114   Data           4  gray_detection.o(.data)
    turn_output_last                         0x20000118   Data           4  gray_detection.o(.data)
    rho_output                               0x2000011c   Data           4  gray_detection.o(.data)
    rho_output_last                          0x20000120   Data           4  gray_detection.o(.data)
    turn_scale                               0x20000124   Data           4  gray_detection.o(.data)
    gray_status_worse                        0x20000128   Data           4  gray_detection.o(.data)
    vision_status_worse                      0x2000012c   Data           4  gray_detection.o(.data)
    startpoint_distance_cm                   0x20000130   Data           4  gray_detection.o(.data)
    startpoint_check_flag                    0x20000134   Data           1  gray_detection.o(.data)
    track_switch_flag                        0x20000135   Data           1  gray_detection.o(.data)
    startpoint_straightaway_cm               0x20000138   Data           4  gray_detection.o(.data)
    SDK_Target_Yaw_Gyro                      0x20000144   Data           4  vision.o(.data)
    _Pixel_Image_View_Angle_X                0x20000148   Data           4  vision.o(.data)
    _Pixel_Image_View_Angle_Y                0x2000014c   Data           4  vision.o(.data)
    _CX                                      0x20000150   Data           2  vision.o(.data)
    _CY                                      0x20000152   Data           2  vision.o(.data)
    _P1                                      0x20000154   Data           4  vision.o(.data)
    _P2                                      0x20000158   Data           4  vision.o(.data)
    _TX                                      0x2000015c   Data           4  vision.o(.data)
    _TY                                      0x20000160   Data           4  vision.o(.data)
    _DX                                      0x20000164   Data           4  vision.o(.data)
    _DY                                      0x20000168   Data           4  vision.o(.data)
    FloatUnion                               0x20000178   Data           4  raspi_undercontrol.o(.data)
    Raspi_receive_fault_cnt                  0x2000017c   Data           4  raspi_undercontrol.o(.data)
    wrap                                     0x2000019a   Data           1  ssd1306.o(.data)
    _cp437                                   0x2000019b   Data           1  ssd1306.o(.data)
    vbat                                     0x200005b0   Data          20  nadc.o(.data)
    IMU_ID                                   0x200005ce   Data           1  icm20608.o(.data)
    light_red                                0x200005d4   Data          20  rgb.o(.data)
    light_green                              0x200005e8   Data          20  rgb.o(.data)
    light_blue                               0x200005fc   Data          20  rgb.o(.data)
    com5_rx_buf                              0x20000610   Data           4  ultrasonic.o(.data)
    com5_rx_cnt                              0x20000614   Data           2  ultrasonic.o(.data)
    systick_clk                              0x20000620   Data           4  system.o(.data)
    systick_period                           0x20000624   Data           4  system.o(.data)
    systick_cnt                              0x20000628   Data           4  system.o(.data)
    accel_lpf_param                          0x20000a6c   Data          24  sensor.o(.bss)
    gyro_lpf_param                           0x20000a84   Data          24  sensor.o(.bss)
    gyro_filter_buf                          0x20000a9c   Data          72  sensor.o(.bss)
    accel_filter_buf                         0x20000ae4   Data          72  sensor.o(.bss)
    smartcar_imu                             0x20000b2c   Data         392  sensor.o(.bss)
    ahrs                                     0x20000cb4   Data         100  sensor.o(.bss)
    offset                                   0x20000d18   Data          24  sensor.o(.bss)
    trackless_output                         0x20000d30   Data          64  sdk.o(.bss)
    steerangle_ctrl                          0x20000d70   Data         220  sdk.o(.bss)
    steergyro_ctrl                           0x20000e4c   Data         220  sdk.o(.bss)
    distance_ctrl                            0x20000f28   Data         220  sdk.o(.bss)
    azimuth_ctrl                             0x20001004   Data         220  sdk.o(.bss)
    flight_subtask_cnt                       0x200010e0   Data          40  subtask.o(.bss)
    flight_global_cnt                        0x20001108   Data          80  subtask.o(.bss)
    execute_time_ms                          0x20001158   Data          80  subtask.o(.bss)
    subtask_finish_flag                      0x200011a8   Data          80  subtask.o(.bss)
    gray_status_backup                       0x200011f8   Data         160  gray_detection.o(.bss)
    rho_status_backup                        0x20001298   Data         160  gray_detection.o(.bss)
    seektrack_ctrl                           0x20001338   Data         660  gray_detection.o(.bss)
    sdk_data_to_send                         0x200015cc   Data          10  vision.o(.bss)
    camera1                                  0x200015d8   Data          52  vision.o(.bss)
    Raspi_Ctrl_Send_Databuf                  0x20001678   Data          50  raspi_undercontrol.o(.bss)
    raspi_ctrl_procedure                     0x20001710   Data          44  raspi_undercontrol.o(.bss)
    Trackless_Params                         0x2000173c   Data         800  neeprom.o(.bss)
    adc_value                                0x20001a5c   Data          32  nadc.o(.bss)
    beep                                     0x20001a7c   Data          28  buzzer.o(.bss)
    timer_t0a                                0x20001a98   Data          16  ntimer.o(.bss)
    timer_t1a                                0x20001aa8   Data          16  ntimer.o(.bss)
    timer_t2a                                0x20001ab8   Data          16  ntimer.o(.bss)
    timer_t3a                                0x20001ac8   Data          16  ntimer.o(.bss)
    NEncoder                                 0x20001afc   Data          68  nencoder.o(.bss)
    timer_qei1                               0x20001b40   Data          16  nencoder.o(.bss)
    timer_qei0                               0x20001b50   Data          16  nencoder.o(.bss)
    _button                                  0x20001b60   Data         224  nbutton.o(.bss)
    rangefinder                              0x20001c40   Data          48  ultrasonic.o(.bss)
    __initial_sp                             0x20002470   Data           0  startup_rvmdk.o(STACK)



==============================================================================

Memory Map of the image

  Image Entry point : 0x00000289

  Load Region LR_IROM1 (Base: 0x00000000, Size: 0x0000ff44, Max: 0x00040000, ABSOLUTE, COMPRESSED[0x0000f6e8])

    Execution Region ER_IROM1 (Exec base: 0x00000000, Load base: 0x00000000, Size: 0x0000f4d8, Max: 0x00040000, ABSOLUTE)

    Exec Addr    Load Addr    Size         Type   Attr      Idx    E Section Name        Object

    0x00000000   0x00000000   0x00000288   Code   RO         7941    RESET               startup_rvmdk.o
    0x00000288   0x00000288   0x00000000   Code   RO         8286  * .ARM.Collect$$$$00000000  mc_w.l(entry.o)
    0x00000288   0x00000288   0x00000004   Code   RO         8350    .ARM.Collect$$$$00000001  mc_w.l(entry2.o)
    0x0000028c   0x0000028c   0x00000004   Code   RO         8353    .ARM.Collect$$$$00000004  mc_w.l(entry5.o)
    0x00000290   0x00000290   0x00000000   Code   RO         8355    .ARM.Collect$$$$00000008  mc_w.l(entry7b.o)
    0x00000290   0x00000290   0x00000000   Code   RO         8357    .ARM.Collect$$$$0000000A  mc_w.l(entry8b.o)
    0x00000290   0x00000290   0x00000008   Code   RO         8358    .ARM.Collect$$$$0000000B  mc_w.l(entry9a.o)
    0x00000298   0x00000298   0x00000000   Code   RO         8360    .ARM.Collect$$$$0000000D  mc_w.l(entry10a.o)
    0x00000298   0x00000298   0x00000000   Code   RO         8362    .ARM.Collect$$$$0000000F  mc_w.l(entry11a.o)
    0x00000298   0x00000298   0x00000004   Code   RO         8351    .ARM.Collect$$$$00002712  mc_w.l(entry2.o)
    0x0000029c   0x0000029c   0x00000026   Code   RO          651    .emb_text           cpu.o
    0x000002c2   0x000002c2   0x00000002   PAD
    0x000002c4   0x000002c4   0x00000006   Code   RO         3864    .emb_text           sysctl.o
    0x000002ca   0x000002ca   0x00000024   Code   RO         8289    .text               mc_w.l(memcpya.o)
    0x000002ee   0x000002ee   0x00000024   Code   RO         8291    .text               mc_w.l(memseta.o)
    0x00000312   0x00000312   0x0000014e   Code   RO         8295    .text               mf_w.l(dadd.o)
    0x00000460   0x00000460   0x000000e4   Code   RO         8297    .text               mf_w.l(dmul.o)
    0x00000544   0x00000544   0x000000de   Code   RO         8299    .text               mf_w.l(ddiv.o)
    0x00000622   0x00000622   0x00000026   Code   RO         8307    .text               mf_w.l(f2d.o)
    0x00000648   0x00000648   0x00000030   Code   RO         8309    .text               mf_w.l(cdrcmple.o)
    0x00000678   0x00000678   0x00000038   Code   RO         8311    .text               mf_w.l(d2f.o)
    0x000006b0   0x000006b0   0x0000001e   Code   RO         8364    .text               mc_w.l(llshl.o)
    0x000006ce   0x000006ce   0x00000020   Code   RO         8366    .text               mc_w.l(llushr.o)
    0x000006ee   0x000006ee   0x00000024   Code   RO         8368    .text               mc_w.l(llsshr.o)
    0x00000712   0x00000712   0x00000000   Code   RO         8377    .text               mc_w.l(iusefp.o)
    0x00000712   0x00000712   0x0000006e   Code   RO         8378    .text               mf_w.l(fepilogue.o)
    0x00000780   0x00000780   0x000000ba   Code   RO         8380    .text               mf_w.l(depilogue.o)
    0x0000083a   0x0000083a   0x00000004   Code   RO         8384    .text               mf_w.l(fpstat.o)
    0x0000083e   0x0000083e   0x00000002   PAD
    0x00000840   0x00000840   0x00000024   Code   RO         8386    .text               mc_w.l(init.o)
    0x00000864   0x00000864   0x00000056   Code   RO         8396    .text               mc_w.l(__dczerorl2.o)
    0x000008ba   0x000008ba   0x00000008   Code   RO           10    i.ADCIntClear       adc.o
    0x000008c2   0x000008c2   0x00000012   Code   RO           14    i.ADCIntEnable      adc.o
    0x000008d4   0x000008d4   0x00000008   Code   RO           15    i.ADCIntEnableEx    adc.o
    0x000008dc   0x000008dc   0x00000026   Code   RO           16    i.ADCIntRegister    adc.o
    0x00000902   0x00000902   0x00000018   Code   RO           22    i.ADCProcessorTrigger  adc.o
    0x0000091a   0x0000091a   0x0000002c   Code   RO           25    i.ADCSequenceConfigure  adc.o
    0x00000946   0x00000946   0x00000022   Code   RO           28    i.ADCSequenceDataGet  adc.o
    0x00000968   0x00000968   0x0000000c   Code   RO           30    i.ADCSequenceEnable  adc.o
    0x00000974   0x00000974   0x00000076   Code   RO           33    i.ADCSequenceStepConfigure  adc.o
    0x000009ea   0x000009ea   0x00000002   PAD
    0x000009ec   0x000009ec   0x00000090   Code   RO         7374    i.ADC_Init          nadc.o
    0x00000a7c   0x00000a7c   0x00000154   Code   RO         7746    i.Button_Init       nbutton.o
    0x00000bd0   0x00000bd0   0x0000007c   Code   RO         7420    i.Buzzer_Init       buzzer.o
    0x00000c4c   0x00000c4c   0x0000002c   Code   RO         6703    i.Byte2Float        raspi_undercontrol.o
    0x00000c78   0x00000c78   0x00000024   Code   RO         6704    i.Car_Status_Tick   raspi_undercontrol.o
    0x00000c9c   0x00000c9c   0x0000000c   Code   RO         7946    i.Delay_Ms          system.o
    0x00000ca8   0x00000ca8   0x00000048   Code   RO         6830    i.Draw_Logo         oled.o
    0x00000cf0   0x00000cf0   0x00000044   Code   RO          831    i.EEPROMInit        eeprom.o
    0x00000d34   0x00000d34   0x000000c8   Code   RO          837    i.EEPROMProgram     eeprom.o
    0x00000dfc   0x00000dfc   0x00000038   Code   RO          839    i.EEPROMRead        eeprom.o
    0x00000e34   0x00000e34   0x00000014   Code   RO         6776    i.EEPROM_Init       neeprom.o
    0x00000e48   0x00000e48   0x00000150   Code   RO         7692    i.Encoder_Init      nencoder.o
    0x00000f98   0x00000f98   0x00000014   Code   RO         1768    i.FPUEnable         fpu.o
    0x00000fac   0x00000fac   0x00000014   Code   RO         1771    i.FPULazyStackingEnable  fpu.o
    0x00000fc0   0x00000fc0   0x00000090   Code   RO         6252    i.FastCos           wp_math.o
    0x00001050   0x00001050   0x0000008c   Code   RO         6253    i.FastSin           wp_math.o
    0x000010dc   0x000010dc   0x0000019c   Code   RO         6254    i.FastSinCos        wp_math.o
    0x00001278   0x00001278   0x00000002   Code   RO         7444    i.FaultISR          ntimer.o
    0x0000127a   0x0000127a   0x00000140   Code   RO         5792    i.FusionAhrsGetEarthAcceleration  fusionahrs.o
    0x000013ba   0x000013ba   0x00000012   Code   RO         5796    i.FusionAhrsGetQuaternion  fusionahrs.o
    0x000013cc   0x000013cc   0x00000020   Code   RO         5797    i.FusionAhrsInitialise  fusionahrs.o
    0x000013ec   0x000013ec   0x00000084   Code   RO         5798    i.FusionAhrsReset   fusionahrs.o
    0x00001470   0x00001470   0x000000d0   Code   RO         5799    i.FusionAhrsSetHeading  fusionahrs.o
    0x00001540   0x00001540   0x000000d8   Code   RO         5800    i.FusionAhrsSetSettings  fusionahrs.o
    0x00001618   0x00001618   0x000005c2   Code   RO         5801    i.FusionAhrsUpdate  fusionahrs.o
    0x00001bda   0x00001bda   0x00000002   PAD
    0x00001bdc   0x00001bdc   0x00000070   Code   RO         5803    i.FusionAhrsUpdateNoMagnetometer  fusionahrs.o
    0x00001c4c   0x00001c4c   0x000000c4   Code   RO         5947    i.FusionCompassCalculateHeading  fusioncompass.o
    0x00001d10   0x00001d10   0x00000014   Code   RO         5805    i.FusionDegreesToRadians  fusionahrs.o
    0x00001d24   0x00001d24   0x00000048   Code   RO         5806    i.FusionFastInverseSqrt  fusionahrs.o
    0x00001d6c   0x00001d6c   0x00000040   Code   RO         5972    i.FusionOffsetInitialise  fusionoffset.o
    0x00001dac   0x00001dac   0x000001f8   Code   RO         5973    i.FusionOffsetUpdate  fusionoffset.o
    0x00001fa4   0x00001fa4   0x000000ea   Code   RO         5807    i.FusionQuaternionMultiply  fusionahrs.o
    0x0000208e   0x0000208e   0x00000002   PAD
    0x00002090   0x00002090   0x00000118   Code   RO         5996    i.FusionQuaternionToEuler  sensor.o
    0x000021a8   0x000021a8   0x00000014   Code   RO         5997    i.FusionRadiansToDegrees  sensor.o
    0x000021bc   0x000021bc   0x00000046   Code   RO         5809    i.FusionVectorAdd   fusionahrs.o
    0x00002202   0x00002202   0x0000006a   Code   RO         5810    i.FusionVectorCrossProduct  fusionahrs.o
    0x0000226c   0x0000226c   0x0000006a   Code   RO         5948    i.FusionVectorCrossProduct  fusioncompass.o
    0x000022d6   0x000022d6   0x00000038   Code   RO         5811    i.FusionVectorIsZero  fusionahrs.o
    0x0000230e   0x0000230e   0x00000076   Code   RO         5813    i.FusionVectorMagnitudeSquared  fusionahrs.o
    0x00002384   0x00002384   0x0000003a   Code   RO         5814    i.FusionVectorMultiplyScalar  fusionahrs.o
    0x000023be   0x000023be   0x0000005c   Code   RO         5815    i.FusionVectorNormalise  fusionahrs.o
    0x0000241a   0x0000241a   0x00000002   PAD
    0x0000241c   0x0000241c   0x0000011c   Code   RO         5949    i.FusionVectorNormalise  fusioncompass.o
    0x00002538   0x00002538   0x00000032   Code   RO         1835    i.GPIODirModeSet    gpio.o
    0x0000256a   0x0000256a   0x00000006   Code   RO         1836    i.GPIOIntClear      gpio.o
    0x00002570   0x00002570   0x0000000c   Code   RO         1837    i.GPIOIntDisable    gpio.o
    0x0000257c   0x0000257c   0x0000001e   Code   RO         1839    i.GPIOIntRegister   gpio.o
    0x0000259a   0x0000259a   0x00000066   Code   RO         1842    i.GPIOIntTypeSet    gpio.o
    0x00002600   0x00002600   0x00000156   Code   RO         1845    i.GPIOPadConfigSet  gpio.o
    0x00002756   0x00002756   0x00000002   PAD
    0x00002758   0x00002758   0x00000050   Code   RO         1846    i.GPIOPinConfigure  gpio.o
    0x000027a8   0x000027a8   0x0000000c   Code   RO         1847    i.GPIOPinRead       gpio.o
    0x000027b4   0x000027b4   0x0000001e   Code   RO         1848    i.GPIOPinTypeADC    gpio.o
    0x000027d2   0x000027d2   0x0000001e   Code   RO         1856    i.GPIOPinTypeGPIOInput  gpio.o
    0x000027f0   0x000027f0   0x0000001e   Code   RO         1857    i.GPIOPinTypeGPIOOutput  gpio.o
    0x0000280e   0x0000280e   0x0000001e   Code   RO         1859    i.GPIOPinTypeI2C    gpio.o
    0x0000282c   0x0000282c   0x0000001e   Code   RO         1860    i.GPIOPinTypeI2CSCL  gpio.o
    0x0000284a   0x0000284a   0x0000001e   Code   RO         1868    i.GPIOPinTypePWM    gpio.o
    0x00002868   0x00002868   0x0000001e   Code   RO         1869    i.GPIOPinTypeQEI    gpio.o
    0x00002886   0x00002886   0x0000001e   Code   RO         1872    i.GPIOPinTypeUART   gpio.o
    0x000028a4   0x000028a4   0x0000000a   Code   RO         1878    i.GPIOPinWrite      gpio.o
    0x000028ae   0x000028ae   0x00000002   PAD
    0x000028b0   0x000028b0   0x00000060   Code   RO         7515    i.I2C1_Init         ni2c.o
    0x00002910   0x00002910   0x00000012   Code   RO         2489    i.I2CMasterBusy     i2c.o
    0x00002922   0x00002922   0x00000004   Code   RO         2490    i.I2CMasterControl  i2c.o
    0x00002926   0x00002926   0x00000006   Code   RO         2491    i.I2CMasterDataGet  i2c.o
    0x0000292c   0x0000292c   0x00000004   Code   RO         2492    i.I2CMasterDataPut  i2c.o
    0x00002930   0x00002930   0x0000000a   Code   RO         2494    i.I2CMasterEnable   i2c.o
    0x0000293a   0x0000293a   0x00000002   PAD
    0x0000293c   0x0000293c   0x0000005c   Code   RO         2497    i.I2CMasterInitExpClk  i2c.o
    0x00002998   0x00002998   0x00000008   Code   RO         2507    i.I2CMasterSlaveAddrSet  i2c.o
    0x000029a0   0x000029a0   0x000001c0   Code   RO         7603    i.ICM206xx_Init     icm20608.o
    0x00002b60   0x00002b60   0x00000456   Code   RO         7604    i.ICM206xx_Read_Data  icm20608.o
    0x00002fb6   0x00002fb6   0x00000002   PAD
    0x00002fb8   0x00002fb8   0x00000074   Code   RO         2817    i.IntEnable         interrupt.o
    0x0000302c   0x0000302c   0x00000010   Code   RO         2819    i.IntMasterDisable  interrupt.o
    0x0000303c   0x0000303c   0x00000010   Code   RO         2820    i.IntMasterEnable   interrupt.o
    0x0000304c   0x0000304c   0x0000001c   Code   RO         2825    i.IntPriorityGroupingSet  interrupt.o
    0x00003068   0x00003068   0x00000034   Code   RO         2828    i.IntPrioritySet    interrupt.o
    0x0000309c   0x0000309c   0x0000003c   Code   RO         2829    i.IntRegister       interrupt.o
    0x000030d8   0x000030d8   0x00000038   Code   RO         6834    i.LCD_CLS           oled.o
    0x00003110   0x00003110   0x00000048   Code   RO         6836    i.LCD_P6x8Char      oled.o
    0x00003158   0x00003158   0x00000064   Code   RO         6837    i.LCD_P6x8Str       oled.o
    0x000031bc   0x000031bc   0x00000028   Code   RO         6840    i.LCD_Set_Pos       oled.o
    0x000031e4   0x000031e4   0x00000068   Code   RO         6841    i.LCD_WrCmd         oled.o
    0x0000324c   0x0000324c   0x0000005c   Code   RO         6842    i.LCD_WrDat         oled.o
    0x000032a8   0x000032a8   0x00000036   Code   RO         6843    i.LCD_clear_L       oled.o
    0x000032de   0x000032de   0x00000148   Code   RO         6346    i.LPButterworth     filter.o
    0x00003426   0x00003426   0x00000018   Code   RO         7445    i.NTimer_Init       ntimer.o
    0x0000343e   0x0000343e   0x00000002   PAD
    0x00003440   0x00003440   0x00000068   Code   RO         6850    i.OLED_Init         oled.o
    0x000034a8   0x000034a8   0x000000c0   Code   RO         6654    i.Openmv_Data_Receive_Anl_1  vision.o
    0x00003568   0x00003568   0x000000d0   Code   RO         7642    i.PWM0_Init         npwm.o
    0x00003638   0x00003638   0x000000fc   Code   RO         7643    i.PWM1_Init         npwm.o
    0x00003734   0x00003734   0x00000030   Code   RO         3189    i.PWMGenConfigure   pwm.o
    0x00003764   0x00003764   0x0000000a   Code   RO         3191    i.PWMGenEnable      pwm.o
    0x0000376e   0x0000376e   0x00000016   Code   RO         3204    i.PWMGenPeriodSet   pwm.o
    0x00003784   0x00003784   0x00000014   Code   RO         3211    i.PWMOutputState    pwm.o
    0x00003798   0x00003798   0x00000026   Code   RO         3214    i.PWMPulseWidthSet  pwm.o
    0x000037be   0x000037be   0x00000002   PAD
    0x000037c0   0x000037c0   0x000000a8   Code   RO         7693    i.QEI0_IRQHandler   nencoder.o
    0x00003868   0x00003868   0x000000a8   Code   RO         7694    i.QEI1_IRQHandler   nencoder.o
    0x00003910   0x00003910   0x0000000e   Code   RO         3419    i.QEIConfigure      qei.o
    0x0000391e   0x0000391e   0x00000014   Code   RO         3420    i.QEIDirectionGet   qei.o
    0x00003932   0x00003932   0x0000000a   Code   RO         3422    i.QEIEnable         qei.o
    0x0000393c   0x0000393c   0x00000004   Code   RO         3424    i.QEIIntClear       qei.o
    0x00003940   0x00003940   0x00000008   Code   RO         3426    i.QEIIntEnable      qei.o
    0x00003948   0x00003948   0x0000001e   Code   RO         3427    i.QEIIntRegister    qei.o
    0x00003966   0x00003966   0x00000010   Code   RO         3432    i.QEIVelocityConfigure  qei.o
    0x00003976   0x00003976   0x0000000a   Code   RO         3434    i.QEIVelocityEnable  qei.o
    0x00003980   0x00003980   0x00000006   Code   RO         3435    i.QEIVelocityGet    qei.o
    0x00003986   0x00003986   0x00000002   PAD
    0x00003988   0x00003988   0x0000011c   Code   RO         6706    i.Raspi_Ctrl_Instruction_Dispatch  raspi_undercontrol.o
    0x00003aa4   0x00003aa4   0x0000001c   Code   RO         6707    i.Raspi_Ctrl_Procedure_Init  raspi_undercontrol.o
    0x00003ac0   0x00003ac0   0x000000b8   Code   RO         6708    i.Raspi_Ctrl_Send_State  raspi_undercontrol.o
    0x00003b78   0x00003b78   0x00000160   Code   RO         6709    i.Raspi_Data_Phrase_Prepare_Lite  raspi_undercontrol.o
    0x00003cd8   0x00003cd8   0x000001c4   Code   RO         6710    i.Raspi_Data_Phrase_Process_Lite  raspi_undercontrol.o
    0x00003e9c   0x00003e9c   0x00000012   Code   RO         6777    i.ReadFlashParameterALL  neeprom.o
    0x00003eae   0x00003eae   0x00000012   Code   RO         6778    i.ReadFlashParameterOne  neeprom.o
    0x00003ec0   0x00003ec0   0x00000034   Code   RO         6779    i.ReadFlashParameterThree  neeprom.o
    0x00003ef4   0x00003ef4   0x0000010c   Code   RO         7747    i.Read_Button_State_One  nbutton.o
    0x00004000   0x00004000   0x00000118   Code   RO         6656    i.SDK_Data_Receive_Prepare_1  vision.o
    0x00004118   0x00004118   0x00000012   Code   RO         6711    i.Serial_Data_Send  raspi_undercontrol.o
    0x0000412a   0x0000412a   0x00000010   Code   RO         7516    i.Single_ReadI2C    ni2c.o
    0x0000413a   0x0000413a   0x00000002   PAD
    0x0000413c   0x0000413c   0x00000010   Code   RO         7948    i.SycTickHandler    system.o
    0x0000414c   0x0000414c   0x00000108   Code   RO         3869    i.SysCtlClockGet    sysctl.o
    0x00004254   0x00004254   0x0000013c   Code   RO         3871    i.SysCtlClockSet    sysctl.o
    0x00004390   0x00004390   0x00000014   Code   RO         3895    i.SysCtlPWMClockSet  sysctl.o
    0x000043a4   0x000043a4   0x00000034   Code   RO         3900    i.SysCtlPeripheralEnable  sysctl.o
    0x000043d8   0x000043d8   0x00000038   Code   RO         3904    i.SysCtlPeripheralReady  sysctl.o
    0x00004410   0x00004410   0x00000070   Code   RO         3905    i.SysCtlPeripheralReset  sysctl.o
    0x00004480   0x00004480   0x00000012   Code   RO         4273    i.SysTickEnable     systick.o
    0x00004492   0x00004492   0x00000012   Code   RO         4275    i.SysTickIntEnable  systick.o
    0x000044a4   0x000044a4   0x0000001e   Code   RO         4276    i.SysTickIntRegister  systick.o
    0x000044c2   0x000044c2   0x0000000a   Code   RO         4278    i.SysTickPeriodGet  systick.o
    0x000044cc   0x000044cc   0x0000000a   Code   RO         4279    i.SysTickPeriodSet  systick.o
    0x000044d6   0x000044d6   0x00000008   Code   RO         4280    i.SysTickValueGet   systick.o
    0x000044de   0x000044de   0x00000002   PAD
    0x000044e0   0x000044e0   0x00000024   Code   RO         7949    i.System_Init       system.o
    0x00004504   0x00004504   0x00000040   Code   RO         7950    i.Systick_Init      system.o
    0x00004544   0x00004544   0x00000020   Code   RO         7446    i.TIMER0A_Handler   ntimer.o
    0x00004564   0x00004564   0x00000020   Code   RO         7447    i.TIMER1A_Handler   ntimer.o
    0x00004584   0x00004584   0x00000020   Code   RO         7448    i.TIMER2A_Handler   ntimer.o
    0x000045a4   0x000045a4   0x00000048   Code   RO         6658    i.Tidata_Tosend_OpenMV  vision.o
    0x000045ec   0x000045ec   0x00000090   Code   RO         6712    i.Tidata_Tosend_Raspi  raspi_undercontrol.o
    0x0000467c   0x0000467c   0x0000005c   Code   RO         7450    i.Time0A_Init       ntimer.o
    0x000046d8   0x000046d8   0x0000005c   Code   RO         7451    i.Time1A_Init       ntimer.o
    0x00004734   0x00004734   0x0000005c   Code   RO         7452    i.Time2A_Init       ntimer.o
    0x00004790   0x00004790   0x00000060   Code   RO         4339    i.TimerConfigure    timer.o
    0x000047f0   0x000047f0   0x0000000e   Code   RO         4348    i.TimerEnable       timer.o
    0x000047fe   0x000047fe   0x00000004   Code   RO         4349    i.TimerIntClear     timer.o
    0x00004802   0x00004802   0x00000008   Code   RO         4351    i.TimerIntEnable    timer.o
    0x0000480a   0x0000480a   0x00000026   Code   RO         4352    i.TimerIntRegister  timer.o
    0x00004830   0x00004830   0x00000010   Code   RO         4357    i.TimerLoadSet      timer.o
    0x00004840   0x00004840   0x00000038   Code   RO         8071    i.UART3_IRQHandler  tm4c12x_it.o
    0x00004878   0x00004878   0x00000074   Code   RO         7777    i.UART3_Init        nuart.o
    0x000048ec   0x000048ec   0x00000058   Code   RO         8072    i.UART5_IRQHandler  tm4c12x_it.o
    0x00004944   0x00004944   0x00000074   Code   RO         7778    i.UART5_Init        nuart.o
    0x000049b8   0x000049b8   0x00000038   Code   RO         8073    i.UART7_IRQHandler  tm4c12x_it.o
    0x000049f0   0x000049f0   0x00000074   Code   RO         7779    i.UART7_Init        nuart.o
    0x00004a64   0x00004a64   0x00000012   Code   RO         4582    i.UARTCharGet       uart.o
    0x00004a76   0x00004a76   0x00000010   Code   RO         4584    i.UARTCharPut       uart.o
    0x00004a86   0x00004a86   0x0000000c   Code   RO         4586    i.UARTCharsAvail    uart.o
    0x00004a92   0x00004a92   0x0000004c   Code   RO         4590    i.UARTConfigSetExpClk  uart.o
    0x00004ade   0x00004ade   0x00000020   Code   RO         4593    i.UARTDisable       uart.o
    0x00004afe   0x00004afe   0x00000014   Code   RO         4595    i.UARTEnable        uart.o
    0x00004b12   0x00004b12   0x0000000a   Code   RO         4597    i.UARTFIFODisable   uart.o
    0x00004b1c   0x00004b1c   0x00000004   Code   RO         4603    i.UARTIntClear      uart.o
    0x00004b20   0x00004b20   0x00000008   Code   RO         4605    i.UARTIntEnable     uart.o
    0x00004b28   0x00004b28   0x0000001e   Code   RO         4606    i.UARTIntRegister   uart.o
    0x00004b46   0x00004b46   0x0000000c   Code   RO         4607    i.UARTIntStatus     uart.o
    0x00004b52   0x00004b52   0x00000002   PAD
    0x00004b54   0x00004b54   0x0000007c   Code   RO         7781    i.UART_SendBytes    nuart.o
    0x00004bd0   0x00004bd0   0x0000002e   Code   RO         6780    i.WriteFlashParameter  neeprom.o
    0x00004bfe   0x00004bfe   0x0000004a   Code   RO         6781    i.WriteFlashParameter_Three  neeprom.o
    0x00004c48   0x00004c48   0x00000060   Code   RO           39    i._ADCIntNumberGet  adc.o
    0x00004ca8   0x00004ca8   0x00000038   Code   RO          842    i._EEPROMSectorMaskClear  eeprom.o
    0x00004ce0   0x00004ce0   0x00000040   Code   RO          843    i._EEPROMSectorMaskSet  eeprom.o
    0x00004d20   0x00004d20   0x00000014   Code   RO          844    i._EEPROMWaitForDone  eeprom.o
    0x00004d34   0x00004d34   0x0000004c   Code   RO         1879    i._GPIOIntNumberGet  gpio.o
    0x00004d80   0x00004d80   0x00000054   Code   RO         3436    i._QEIIntNumberGet  qei.o
    0x00004dd4   0x00004dd4   0x00000058   Code   RO         4372    i._TimerIntNumberGet  timer.o
    0x00004e2c   0x00004e2c   0x0000004c   Code   RO         4622    i._UARTIntNumberGet  uart.o
    0x00004e78   0x00004e78   0x00000030   Code   RO         8327    i.__ARM_fpclassify  m_wm.l(fpclassify.o)
    0x00004ea8   0x00004ea8   0x00000026   Code   RO         8329    i.__ARM_fpclassifyf  m_wm.l(fpclassifyf.o)
    0x00004ece   0x00004ece   0x0000000e   Code   RO         6257    i.__ARM_isnanf      wp_math.o
    0x00004edc   0x00004edc   0x0000000e   Code   RO         6347    i.__ARM_isnanf      filter.o
    0x00004eea   0x00004eea   0x0000000e   Code   RO         6447    i.__ARM_isnanf      sdk.o
    0x00004ef8   0x00004ef8   0x0000000e   Code   RO         7605    i.__ARM_isnanf      icm20608.o
    0x00004f06   0x00004f06   0x00000002   PAD
    0x00004f08   0x00004f08   0x0000012c   Code   RO         8168    i.__hardfp_asinf    m_wm.l(asinf.o)
    0x00005034   0x00005034   0x00000004   PAD
    0x00005038   0x00005038   0x000002d8   Code   RO         8180    i.__hardfp_atan     m_wm.l(atan.o)
    0x00005310   0x00005310   0x00000250   Code   RO         8194    i.__hardfp_atan2f   m_wm.l(atan2f.o)
    0x00005560   0x00005560   0x00000150   Code   RO         8218    i.__hardfp_cosf     m_wm.l(cosf.o)
    0x000056b0   0x000056b0   0x00000014   Code   RO         8230    i.__hardfp_fabs     m_wm.l(fabs.o)
    0x000056c4   0x000056c4   0x00000664   Code   RO         8236    i.__hardfp_powf     m_wm.l(powf.o)
    0x00005d28   0x00005d28   0x00000190   Code   RO         8250    i.__hardfp_sinf     m_wm.l(sinf.o)
    0x00005eb8   0x00005eb8   0x0000003a   Code   RO         8262    i.__hardfp_sqrtf    m_wm.l(sqrtf.o)
    0x00005ef2   0x00005ef2   0x00000002   PAD
    0x00005ef4   0x00005ef4   0x0000017c   Code   RO         8274    i.__hardfp_tanf     m_wm.l(tanf.o)
    0x00006070   0x00006070   0x000000f8   Code   RO         8345    i.__kernel_poly     m_wm.l(poly.o)
    0x00006168   0x00006168   0x00000014   Code   RO         8314    i.__mathlib_dbl_infnan  m_wm.l(dunder.o)
    0x0000617c   0x0000617c   0x00000004   PAD
    0x00006180   0x00006180   0x00000020   Code   RO         8319    i.__mathlib_dbl_underflow  m_wm.l(dunder.o)
    0x000061a0   0x000061a0   0x00000014   Code   RO         8331    i.__mathlib_flt_divzero  m_wm.l(funder.o)
    0x000061b4   0x000061b4   0x00000006   Code   RO         8332    i.__mathlib_flt_infnan  m_wm.l(funder.o)
    0x000061ba   0x000061ba   0x00000006   Code   RO         8333    i.__mathlib_flt_infnan2  m_wm.l(funder.o)
    0x000061c0   0x000061c0   0x00000010   Code   RO         8334    i.__mathlib_flt_invalid  m_wm.l(funder.o)
    0x000061d0   0x000061d0   0x00000010   Code   RO         8335    i.__mathlib_flt_overflow  m_wm.l(funder.o)
    0x000061e0   0x000061e0   0x00000010   Code   RO         8337    i.__mathlib_flt_underflow  m_wm.l(funder.o)
    0x000061f0   0x000061f0   0x00000154   Code   RO         8347    i.__mathlib_rredf2  m_wm.l(rredf.o)
    0x00006344   0x00006344   0x0000000e   Code   RO         8390    i.__scatterload_copy  mc_w.l(handlers.o)
    0x00006352   0x00006352   0x00000002   Code   RO         8391    i.__scatterload_null  mc_w.l(handlers.o)
    0x00006354   0x00006354   0x0000000e   Code   RO         8392    i.__scatterload_zeroinit  mc_w.l(handlers.o)
    0x00006362   0x00006362   0x00000002   PAD
    0x00006364   0x00006364   0x0000000c   Code   RO         8372    i.__set_errno       mc_w.l(errno.o)
    0x00006370   0x00006370   0x00000030   Code   RO         7375    i.adc_sample_trigger  nadc.o
    0x000063a0   0x000063a0   0x00000090   Code   RO         7376    i.battery_voltage_detection  nadc.o
    0x00006430   0x00006430   0x0000007e   Code   RO         7820    i.bling_process     rgb.o
    0x000064ae   0x000064ae   0x00000018   Code   RO         7821    i.bling_set         rgb.o
    0x000064c6   0x000064c6   0x00000002   PAD
    0x000064c8   0x000064c8   0x00000050   Code   RO         7822    i.bling_working     rgb.o
    0x00006518   0x00006518   0x00000238   Code   RO         5998    i.calculate_quaternion_init  sensor.o
    0x00006750   0x00006750   0x00000158   Code   RO         6519    i.clockwise_rotate_90_task  subtask.o
    0x000068a8   0x000068a8   0x00000054   Code   RO         6258    i.constrain_float   wp_math.o
    0x000068fc   0x000068fc   0x00000158   Code   RO         6520    i.contrarotate_90_task  subtask.o
    0x00006a54   0x00006a54   0x0000013c   Code   RO         6448    i.ctrl_params_init  sdk.o
    0x00006b90   0x00006b90   0x00000012   Code   RO         7951    i.delay             system.o
    0x00006ba2   0x00006ba2   0x00000018   Code   RO         7952    i.delayMicroseconds  system.o
    0x00006bba   0x00006bba   0x0000000c   Code   RO         7953    i.delay_ms          system.o
    0x00006bc6   0x00006bc6   0x0000000c   Code   RO         7954    i.delay_us          system.o
    0x00006bd2   0x00006bd2   0x00000002   PAD
    0x00006bd4   0x00006bd4   0x00000808   Code   RO         6521    i.deliver_medicine_task  subtask.o
    0x000073dc   0x000073dc   0x00000020   Code   RO         6858    i.display_6_8_number  oled.o
    0x000073fc   0x000073fc   0x00000056   Code   RO         6859    i.display_6_8_number_pro  oled.o
    0x00007452   0x00007452   0x00000014   Code   RO         6860    i.display_6_8_string  oled.o
    0x00007466   0x00007466   0x00000002   PAD
    0x00007468   0x00007468   0x00000074   Code   RO         6449    i.distance_control  sdk.o
    0x000074dc   0x000074dc   0x00000158   Code   RO         6522    i.distance_control_task  subtask.o
    0x00007634   0x00007634   0x00000038   Code   RO         7055    i.draw_oled         ssd1306.o
    0x0000766c   0x0000766c   0x00000008   Code   RO         8029    i.duty_1000hz       main.o
    0x00007674   0x00007674   0x00000002   Code   RO         8030    i.duty_100hz        main.o
    0x00007676   0x00007676   0x00000002   PAD
    0x00007678   0x00007678   0x00000048   Code   RO         8032    i.duty_200hz        main.o
    0x000076c0   0x000076c0   0x00000190   Code   RO         5999    i.euler_to_quaternion  sensor.o
    0x00007850   0x00007850   0x00000018   Code   RO         8232    i.fabs              m_wm.l(fabs.o)
    0x00007868   0x00007868   0x00000060   Code   RO         7377    i.get_battery_voltage  nadc.o
    0x000078c8   0x000078c8   0x00000080   Code   RO         7695    i.get_left_motor_speed  nencoder.o
    0x00007948   0x00007948   0x00000080   Code   RO         7696    i.get_right_motor_speed  nencoder.o
    0x000079c8   0x000079c8   0x00000050   Code   RO         7955    i.get_systime       system.o
    0x00007a18   0x00007a18   0x000000e8   Code   RO         6000    i.get_wheel_speed   sensor.o
    0x00007b00   0x00007b00   0x0000005c   Code   RO         7872    i.hcsr04_init       ultrasonic.o
    0x00007b5c   0x00007b5c   0x00000058   Code   RO         7522    i.i2c1Read          ni2c.o
    0x00007bb4   0x00007bb4   0x000000ac   Code   RO         7523    i.i2c1ReadData      ni2c.o
    0x00007c60   0x00007c60   0x00000014   Code   RO         7524    i.i2c1Write         ni2c.o
    0x00007c74   0x00007c74   0x00000080   Code   RO         7525    i.i2c1WriteData     ni2c.o
    0x00007cf4   0x00007cf4   0x00000360   Code   RO         7606    i.imu_calibration   icm20608.o
    0x00008054   0x00008054   0x00000138   Code   RO         7607    i.imu_calibration_params_init  icm20608.o
    0x0000818c   0x0000818c   0x00000260   Code   RO         6001    i.imu_data_sampling  sensor.o
    0x000083ec   0x000083ec   0x0000014c   Code   RO         6002    i.imu_temperature_ctrl  sensor.o
    0x00008538   0x00008538   0x0000003c   Code   RO         6260    i.invSqrt           wp_math.o
    0x00008574   0x00008574   0x000000bc   Code   RO         6003    i.kalman_filter     sensor.o
    0x00008630   0x00008630   0x00000098   Code   RO         6574    i.key_Scan          ui.o
    0x000086c8   0x000086c8   0x00000084   Code   RO         7421    i.laser_light_work  buzzer.o
    0x0000874c   0x0000874c   0x0000007c   Code   RO         8033    i.main              main.o
    0x000087c8   0x000087c8   0x00000040   Code   RO         7956    i.micros            system.o
    0x00008808   0x00008808   0x00000010   Code   RO         7957    i.millis            system.o
    0x00008818   0x00008818   0x00000020   Code   RO         7378    i.nADC0_Handler     nadc.o
    0x00008838   0x00008838   0x00000060   Code   RO         7874    i.nHCSR04_Handler   ultrasonic.o
    0x00008898   0x00008898   0x000002a0   Code   RO         6373    i.nmotor_output     motor_control.o
    0x00008b38   0x00008b38   0x0000002e   Code   RO         6409    i.pid_control_init  pid.o
    0x00008b66   0x00008b66   0x000001a8   Code   RO         6410    i.pid_control_run   pid.o
    0x00008d0e   0x00008d0e   0x00000102   Code   RO         6004    i.quaternion_to_cb2n  sensor.o
    0x00008e10   0x00008e10   0x0000007c   Code   RO         7875    i.rangefinder_init  ultrasonic.o
    0x00008e8c   0x00008e8c   0x00000020   Code   RO         7748    i.read_button_state_all  nbutton.o
    0x00008eac   0x00008eac   0x00000038   Code   RO         7823    i.rgb_init          rgb.o
    0x00008ee4   0x00008ee4   0x00000034   Code   RO         6261    i.safe_sqrt         wp_math.o
    0x00008f18   0x00008f18   0x000022b4   Code   RO         6575    i.screen_display    ui.o
    0x0000b1cc   0x0000b1cc   0x00000198   Code   RO         6501    i.sdk_duty_run      develop_mode.o
    0x0000b364   0x0000b364   0x000000d4   Code   RO         6348    i.set_cutoff_frequency  filter.o
    0x0000b438   0x0000b438   0x00000064   Code   RO         6005    i.simulation_pwm_init  sensor.o
    0x0000b49c   0x0000b49c   0x0000006c   Code   RO         6006    i.simulation_pwm_output  sensor.o
    0x0000b508   0x0000b508   0x00000334   Code   RO         6374    i.speed_control_100hz  motor_control.o
    0x0000b83c   0x0000b83c   0x000000f8   Code   RO         6523    i.speed_control_task  subtask.o
    0x0000b934   0x0000b934   0x0000003e   Code   RO         8264    i.sqrtf             m_wm.l(sqrtf.o)
    0x0000b972   0x0000b972   0x00000002   PAD
    0x0000b974   0x0000b974   0x0000015c   Code   RO         7057    i.ssd1306_begin     ssd1306.o
    0x0000bad0   0x0000bad0   0x00000014   Code   RO         7058    i.ssd1306_clear_display  ssd1306.o
    0x0000bae4   0x0000bae4   0x0000000c   Code   RO         7059    i.ssd1306_command   ssd1306.o
    0x0000baf0   0x0000baf0   0x0000002c   Code   RO         7063    i.ssd1306_display   ssd1306.o
    0x0000bb1c   0x0000bb1c   0x000000ce   Code   RO         7073    i.ssd1306_draw_line  ssd1306.o
    0x0000bbea   0x0000bbea   0x00000002   PAD
    0x0000bbec   0x0000bbec   0x0000011c   Code   RO         7074    i.ssd1306_draw_pixel  ssd1306.o
    0x0000bd08   0x0000bd08   0x0000000c   Code   RO         7088    i.ssd1306_height    ssd1306.o
    0x0000bd14   0x0000bd14   0x0000000c   Code   RO         7103    i.ssd1306_width     ssd1306.o
    0x0000bd20   0x0000bd20   0x000000f4   Code   RO         6450    i.steer_angle_ctrl  sdk.o
    0x0000be14   0x0000be14   0x000003b4   Code   RO         6451    i.steer_control     sdk.o
    0x0000c1c8   0x0000c1c8   0x0000003c   Code   RO         6452    i.steer_gyro_ctrl   sdk.o
    0x0000c204   0x0000c204   0x00000038   Code   RO         6524    i.subtask_reset     subtask.o
    0x0000c23c   0x0000c23c   0x00000024   Code   RO         6525    i.subtask_thread_reset  subtask.o
    0x0000c260   0x0000c260   0x00000090   Code   RO         6007    i.temperature_state_check  sensor.o
    0x0000c2f0   0x0000c2f0   0x0000003c   Code   RO         6008    i.temperature_state_get  sensor.o
    0x0000c32c   0x0000c32c   0x000003e8   Code   RO         6009    i.trackless_ahrs_update  sensor.o
    0x0000c714   0x0000c714   0x00000494   Code   RO         6453    i.trackless_params_init  sdk.o
    0x0000cba8   0x0000cba8   0x0000003a   Code   RO         6010    i.vector3f_sub      sensor.o
    0x0000cbe2   0x0000cbe2   0x00000002   PAD
    0x0000cbe4   0x0000cbe4   0x00000128   Code   RO         6604    i.vision_turn_control_50hz  gray_detection.o
    0x0000cd0c   0x0000cd0c   0x000002d4   Code   RO         6862    i.write_6_8_number  oled.o
    0x0000cfe0   0x0000cfe0   0x00000290   Code   RO         6863    i.write_6_8_number_f1  oled.o
    0x0000d270   0x0000d270   0x00000210   Data   RO         1880    .constdata          gpio.o
    0x0000d480   0x0000d480   0x0000010c   Data   RO         2833    .constdata          interrupt.o
    0x0000d58c   0x0000d58c   0x000001cc   Data   RO         3923    .constdata          sysctl.o
    0x0000d758   0x0000d758   0x000000a0   Data   RO         4373    .constdata          timer.o
    0x0000d7f8   0x0000d7f8   0x00000080   Data   RO         4623    .constdata          uart.o
    0x0000d878   0x0000d878   0x00000020   Data   RO         5816    .constdata          fusionahrs.o
    0x0000d898   0x0000d898   0x0000001c   Data   RO         6012    .constdata          sensor.o
    0x0000d8b4   0x0000d8b4   0x00000804   Data   RO         6263    .constdata          wp_math.o
    0x0000e0b8   0x0000e0b8   0x00001208   Data   RO         6865    .constdata          oled.o
    0x0000f2c0   0x0000f2c0   0x00000098   Data   RO         8183    .constdata          m_wm.l(atan.o)
    0x0000f358   0x0000f358   0x00000140   Data   RO         8239    .constdata          m_wm.l(powf.o)
    0x0000f498   0x0000f498   0x00000020   Data   RO         8348    .constdata          m_wm.l(rredf.o)
    0x0000f4b8   0x0000f4b8   0x00000020   Data   RO         8388    Region$$Table       anon$$obj.o


    Execution Region RW_IRAM1 (Exec base: 0x20000000, Load base: 0x0000f4d8, Size: 0x00002470, Max: 0x00008000, ABSOLUTE, COMPRESSED[0x00000210])

    Exec Addr    Load Addr    Size         Type   Attr      Idx    E Section Name        Object

    0x20000000   COMPRESSED   0x00000048   Data   RW         6013    .data               sensor.o
    0x20000048   COMPRESSED   0x0000007e   Data   RW         6375    .data               motor_control.o
    0x200000c6   COMPRESSED   0x00000002   PAD
    0x200000c8   COMPRESSED   0x00000018   Data   RW         6455    .data               sdk.o
    0x200000e0   COMPRESSED   0x00000002   Data   RW         6502    .data               develop_mode.o
    0x200000e2   COMPRESSED   0x00000002   PAD
    0x200000e4   COMPRESSED   0x00000011   Data   RW         6527    .data               subtask.o
    0x200000f5   COMPRESSED   0x00000001   PAD
    0x200000f6   COMPRESSED   0x00000007   Data   RW         6576    .data               ui.o
    0x200000fd   COMPRESSED   0x00000003   PAD
    0x20000100   COMPRESSED   0x00000042   Data   RW         6606    .data               gray_detection.o
    0x20000142   COMPRESSED   0x00000002   PAD
    0x20000144   COMPRESSED   0x0000002e   Data   RW         6660    .data               vision.o
    0x20000172   COMPRESSED   0x00000002   PAD
    0x20000174   COMPRESSED   0x00000011   Data   RW         6714    .data               raspi_undercontrol.o
    0x20000185   COMPRESSED   0x00000001   PAD
    0x20000186   COMPRESSED   0x00000427   Data   RW         7106    .data               ssd1306.o
    0x200005ad   COMPRESSED   0x00000003   PAD
    0x200005b0   COMPRESSED   0x0000001e   Data   RW         7380    .data               nadc.o
    0x200005ce   COMPRESSED   0x00000004   Data   RW         7609    .data               icm20608.o
    0x200005d2   COMPRESSED   0x00000002   Data   RW         7649    .data               npwm.o
    0x200005d4   COMPRESSED   0x0000003c   Data   RW         7825    .data               rgb.o
    0x20000610   COMPRESSED   0x0000000a   Data   RW         7882    .data               ultrasonic.o
    0x2000061a   COMPRESSED   0x00000002   PAD
    0x2000061c   COMPRESSED   0x00000010   Data   RW         7958    .data               system.o
    0x2000062c   COMPRESSED   0x00000004   Data   RW         8373    .data               mc_w.l(errno.o)
    0x20000630   COMPRESSED   0x000001d0   PAD
    0x20000800   COMPRESSED   0x0000026c   Data   RW         2834    vtable              interrupt.o
    0x20000a6c        -       0x000002c4   Zero   RW         6011    .bss                sensor.o
    0x20000d30        -       0x000003b0   Zero   RW         6454    .bss                sdk.o
    0x200010e0        -       0x00000118   Zero   RW         6526    .bss                subtask.o
    0x200011f8        -       0x000003d4   Zero   RW         6605    .bss                gray_detection.o
    0x200015cc        -       0x000000aa   Zero   RW         6659    .bss                vision.o
    0x20001676   COMPRESSED   0x00000002   PAD
    0x20001678        -       0x000000c4   Zero   RW         6713    .bss                raspi_undercontrol.o
    0x2000173c        -       0x00000320   Zero   RW         6783    .bss                neeprom.o
    0x20001a5c        -       0x00000020   Zero   RW         7379    .bss                nadc.o
    0x20001a7c        -       0x0000001c   Zero   RW         7422    .bss                buzzer.o
    0x20001a98        -       0x00000040   Zero   RW         7454    .bss                ntimer.o
    0x20001ad8        -       0x00000024   Zero   RW         7608    .bss                icm20608.o
    0x20001afc        -       0x00000064   Zero   RW         7699    .bss                nencoder.o
    0x20001b60        -       0x000000e0   Zero   RW         7749    .bss                nbutton.o
    0x20001c40        -       0x00000030   Zero   RW         7881    .bss                ultrasonic.o
    0x20001c70        -       0x00000800   Zero   RW         7939    STACK               startup_rvmdk.o


==============================================================================

Image component sizes


      Code (inc. data)   RO Data    RW Data    ZI Data      Debug   Object Name

       400         20          0          0          0      11712   adc.o
       256         18          0          0         28       2088   buzzer.o
        38          0          0          0          0        608   cpu.o
       408         58          0          2          0        847   develop_mode.o
       464         48          0          0          0       4570   eeprom.o
       554          8          0          0          0       2599   filter.o
        40         12          0          0          0        920   fpu.o
      3338         42         32          0          0      16807   fusionahrs.o
       586         18          0          0          0       5472   fusioncompass.o
       568         16          0          0          0       5858   fusionoffset.o
       960         30        528          0          0      12160   gpio.o
       296         40          0         66        980       3899   gray_detection.o
       142         14          0          0          0       4057   i2c.o
      2748         90          0          4         36       4406   icm20608.o
       288         34        268        620          0       4553   interrupt.o
       206         20          0          0          0       1879   main.o
      1492        116          0        126          0       3301   motor_control.o
       464         78          0         30         32       3179   nadc.o
       640         36          0          0        224       3260   nbutton.o
       228          6          0          0        800       5493   neeprom.o
       928        120          0          0        100       2927   nencoder.o
       520         30          0          0          0       4255   ni2c.o
       460         82          0          2          0       1244   npwm.o
       398         70          0          0         64       4087   ntimer.o
       472        132          0          0          0       2768   nuart.o
      2212         70       4616          0          0      10366   oled.o
       470          0          0          0          0       2029   pid.o
       138          6          0          0          0       3087   pwm.o
       202         22          0          0          0       5539   qei.o
      1542        128          0         17        196       8142   raspi_undercontrol.o
       286         26          0         60          0       3386   rgb.o
      2870        252          0         24        944       7653   sdk.o
      4356        316         28         72        708      20988   sensor.o
       994         90          0       1063          0       8131   ssd1306.o
       648        622          0          0       2048        376   startup_rvmdk.o
      3428        326          0         17        280       6663   subtask.o
       826         56        460          0          0       5879   sysctl.o
       354         38          0         16          0       6003   system.o
        94          0          0          0          0       2996   systick.o
       264         32        160          0          0       5306   timer.o
       200         26          0          0          0       1697   tm4c12x_it.o
       314         20        128          0          0       7949   uart.o
      9036        988          0          7          0       4622   ui.o
       312         30          0         10         48       3848   ultrasonic.o
       544         32          0         46        170       4937   vision.o
       906         50       2052          0          0       9915   wp_math.o

    ----------------------------------------------------------------------
     46934       4268       8304       2200       6660     242461   Object Totals
         0          0         32          0          0          0   (incl. Generated)
        44          0          0         18          2          0   (incl. Padding)

    ----------------------------------------------------------------------

      Code (inc. data)   RO Data    RW Data    ZI Data      Debug   Library Member Name

       300         42          0          0          0        176   asinf.o
       728        106        152          0          0        228   atan.o
       592         90          0          0          0        184   atan2f.o
       336         56          0          0          0        136   cosf.o
        52          8          0          0          0        248   dunder.o
        44          0          0          0          0        248   fabs.o
        48          0          0          0          0        124   fpclassify.o
        38          0          0          0          0        116   fpclassifyf.o
        80         24          0          0          0        696   funder.o
       248          0          0          0          0        152   poly.o
      1636        110        320          0          0        372   powf.o
       340         24         32          0          0        160   rredf.o
       400         56          0          0          0        212   sinf.o
       120          0          0          0          0        272   sqrtf.o
       380         58          0          0          0        200   tanf.o
        86          0          0          0          0          0   __dczerorl2.o
         0          0          0          0          0          0   entry.o
         0          0          0          0          0          0   entry10a.o
         0          0          0          0          0          0   entry11a.o
         8          4          0          0          0          0   entry2.o
         4          0          0          0          0          0   entry5.o
         0          0          0          0          0          0   entry7b.o
         0          0          0          0          0          0   entry8b.o
         8          4          0          0          0          0   entry9a.o
        12          6          0          4          0         68   errno.o
        30          0          0          0          0          0   handlers.o
        36          8          0          0          0         68   init.o
         0          0          0          0          0          0   iusefp.o
        30          0          0          0          0         68   llshl.o
        36          0          0          0          0         68   llsshr.o
        32          0          0          0          0         68   llushr.o
        36          0          0          0          0         68   memcpya.o
        36          0          0          0          0        108   memseta.o
        48          0          0          0          0         68   cdrcmple.o
        56          0          0          0          0         88   d2f.o
       334          0          0          0          0        148   dadd.o
       222          0          0          0          0        100   ddiv.o
       186          0          0          0          0        176   depilogue.o
       228          0          0          0          0         96   dmul.o
        38          0          0          0          0         68   f2d.o
       110          0          0          0          0        168   fepilogue.o
         4          0          0          0          0         68   fpstat.o

    ----------------------------------------------------------------------
      6938        600        504        468          0       5020   Library Totals
        16          4          0        464          0          0   (incl. Padding)

    ----------------------------------------------------------------------

      Code (inc. data)   RO Data    RW Data    ZI Data      Debug   Library Name

      5342        574        504          0          0       3524   m_wm.l
       354         22          0          4          0        516   mc_w.l
      1226          0          0          0          0        980   mf_w.l

    ----------------------------------------------------------------------
      6938        600        504        468          0       5020   Library Totals

    ----------------------------------------------------------------------

==============================================================================


      Code (inc. data)   RO Data    RW Data    ZI Data      Debug   

     53872       4868       8808       2668       6660     219389   Grand Totals
     53872       4868       8808        528       6660     219389   ELF Image Totals (compressed)
     53872       4868       8808        528          0          0   ROM Totals

==============================================================================

    Total RO  Size (Code + RO Data)                62680 (  61.21kB)
    Total RW  Size (RW Data + ZI Data)              9328 (   9.11kB)
    Total ROM Size (Code + RO Data + RW Data)      63208 (  61.73kB)

==============================================================================

